python : [32m2025-11-24 18:03:29[0m | 
[1mINFO    [0m | [36msrc.core.logger[0m:[36
msetup_logging[0m:[36m84[0m - [1mLogging 
initialized - Level: INFO, MCP Mode: False, 
Test Mode: False[0m
At line:1 char:1
+ python scripts/test_portfolio_api.py > 
test_output.txt 2>&1
+ ~~~~~~~~~~~~~~~~~~~~~~~~~~~~~~~~~~~~~~~~~~~~~~
~~~~~~~~~~~~~
    + CategoryInfo          : NotSpecified: ([ 
   32m2025-11-24...Mode: False[0m:String) [],  
   RemoteException
    + FullyQualifiedErrorId : NativeCommandErro 
   r
 
[32m2025-11-24 18:03:31[0m | [1mINFO    [0m 
| [36msrc.strategies.base[0m:[36m__init__[0m
:[36m92[0m - [1mStrategy initialized: 
RSIStrategy[0m
[32m2025-11-24 18:03:31[0m | [1mINFO    [0m 
| [36msrc.strategies.base[0m:[36m__init__[0m
:[36m92[0m - [1mStrategy initialized: 
MACDStrategy[0m
[32m2025-11-24 18:03:31[0m | [1mINFO    [0m 
| [36msrc.strategies.base[0m:[36m__init__[0m
:[36m92[0m - [1mStrategy initialized: 
VolumeShooterStrategy[0m
[32m2025-11-24 18:03:31[0m | [1mINFO    [0m 
| [36msrc.strategies.base[0m:[36m__init__[0m
:[36m92[0m - [1mStrategy initialized: 
TrendflowSupertrend[0m
[32m2025-11-24 18:03:31[0m | [1mINFO    [0m 
| [36msrc.strategies.registry[0m:[36m_registe
r_builtin_strategies[0m:[36m127[0m - 
[1mLazy loading enabled - generated strategies 
will load on demand[0m
[32m2025-11-24 18:03:31[0m | [1mINFO    [0m 
| [36msrc.strategies.registry[0m:[36m_registe
r_builtin_strategies[0m:[36m129[0m - 
[1mRegistered 4 built-in strategies[0m
[32m2025-11-24 18:03:33[0m | [1mINFO    [0m 
| [36msrc.agent.pair_management[0m:[36m__init
__[0m:[36m25[0m - [1mPair management 
storage initialized: data\pair_management.db[0m
[32m2025-11-24 18:03:33[0m | [1mINFO    [0m 
| [36msrc.agent.agent_storage[0m:[36m__init__
[0m:[36m35[0m - [1mAgent storage 
initialized: data\agents.db[0m
[32m2025-11-24 18:03:33[0m | [1mINFO    [0m 
| [36msrc.agent.orchestrator[0m:[36m__init__
[0m:[36m44[0m - [1m==========================
================================================
======[0m
[32m2025-11-24 18:03:33[0m | [1mINFO    [0m 
| [36msrc.agent.orchestrator[0m:[36m__init__
[0m:[36m45[0m - [1mAGENT ORCHESTRATOR - 
INITIALIZED[0m
[32m2025-11-24 18:03:33[0m | [1mINFO    [0m 
| [36msrc.agent.orchestrator[0m:[36m__init__
[0m:[36m46[0m - [1mMax agents: 20 | 
Auto-restart: True[0m
[32m2025-11-24 18:03:33[0m | [1mINFO    [0m 
| [36msrc.agent.orchestrator[0m:[36m__init__
[0m:[36m47[0m - [1m==========================
================================================
======[0m
[32m2025-11-24 18:03:33[0m | [1mINFO    [0m 
| [36msrc.agent.agent_storage[0m:[36m__init__
[0m:[36m35[0m - [1mAgent storage 
initialized: C:\Users\shuta\source\repos\Smart-T
rade-MCP\data\agents.db[0m
[32m2025-11-24 18:03:33[0m | [1mINFO    [0m 
| [36msrc.strategies.base[0m:[36m__init__[0m
:[36m92[0m - [1mStrategy initialized: 
VolumeShooterStrategy[0m
[32m2025-11-24 18:03:33[0m | [1mINFO    [0m 
| [36msrc.agent.trading_agent[0m:[36m__init__
[0m:[36m82[0m - [1m=========================
================================================
=======[0m
[32m2025-11-24 18:03:33[0m | [1mINFO    [0m 
| [36msrc.agent.trading_agent[0m:[36m__init__
[0m:[36m83[0m - [1mAGENT 
agent_SOL_USDT_5m_volume_shooter_a52613 - 
INITIALIZED[0m
[32m2025-11-24 18:03:33[0m | [1mINFO    [0m 
| [36msrc.agent.trading_agent[0m:[36m__init__
[0m:[36m84[0m - [1m=========================
================================================
=======[0m
[32m2025-11-24 18:03:33[0m | [1mINFO    [0m 
| [36msrc.agent.trading_agent[0m:[36m__init__
[0m:[36m85[0m - [1mSymbol: SOL/USDT[0m
[32m2025-11-24 18:03:33[0m | [1mINFO    [0m 
| [36msrc.agent.trading_agent[0m:[36m__init__
[0m:[36m86[0m - [1mTimeframe: 5m[0m
[32m2025-11-24 18:03:33[0m | [1mINFO    [0m 
| [36msrc.agent.trading_agent[0m:[36m__init__
[0m:[36m87[0m - [1mStrategy: 
volume_shooter[0m
[32m2025-11-24 18:03:33[0m | [1mINFO    [0m 
| [36msrc.agent.trading_agent[0m:[36m__init__
[0m:[36m88[0m - [1mScan interval: 5 min[0m
[32m2025-11-24 18:03:33[0m | [1mINFO    [0m 
| [36msrc.agent.trading_agent[0m:[36m__init__
[0m:[36m89[0m - [1m=========================
================================================
=======[0m
[32m2025-11-24 18:03:33[0m | [1mINFO    [0m 
| [36msrc.agent.orchestrator[0m:[36m_restore_
active_agents[0m:[36m159[0m - [1mRestored 
agent agent_SOL_USDT_5m_volume_shooter_a52613 
(PID: 11172)[0m
[32m2025-11-24 18:03:33[0m | [1mINFO    [0m 
| [36msrc.agent.agent_storage[0m:[36m__init__
[0m:[36m35[0m - [1mAgent storage 
initialized: C:\Users\shuta\source\repos\Smart-T
rade-MCP\data\agents.db[0m
[32m2025-11-24 18:03:33[0m | [1mINFO    [0m 
| [36msrc.strategies.registry[0m:[36m_ensure_
generated_loaded[0m:[36m134[0m - [1mLoading 
generated strategies...[0m
[32m2025-11-24 18:03:33[0m | [1mINFO    [0m 
| [36msrc.strategies.base[0m:[36m__init__[0m
:[36m92[0m - [1mStrategy initialized: 
BollingerMeanReversion[0m
[32m2025-11-24 18:03:33[0m | [1mINFO    [0m 
| [36msrc.strategies.base[0m:[36m__init__[0m
:[36m92[0m - [1mStrategy initialized: 
BollingerMeanReversion[0m
[32m2025-11-24 18:03:33[0m | [1mINFO    [0m 
| [36msrc.strategies.base[0m:[36m__init__[0m
:[36m92[0m - [1mStrategy initialized: 
RsiBandReversion[0m
[32m2025-11-24 18:03:33[0m | [1mINFO    [0m 
| [36msrc.strategies.base[0m:[36m__init__[0m
:[36m92[0m - [1mStrategy initialized: 
RsiBandReversion[0m
[32m2025-11-24 18:03:33[0m | [1mINFO    [0m 
| [36msrc.strategies.base[0m:[36m__init__[0m
:[36m92[0m - [1mStrategy initialized: 
CciExtremeSnapback[0m
[32m2025-11-24 18:03:33[0m | [1mINFO    [0m 
| [36msrc.strategies.base[0m:[36m__init__[0m
:[36m92[0m - [1mStrategy initialized: 
CciExtremeSnapback[0m
[32m2025-11-24 18:03:33[0m | [1mINFO    [0m 
| [36msrc.strategies.base[0m:[36m__init__[0m
:[36m92[0m - [1mStrategy initialized: 
MfiDivergenceReversion[0m
[32m2025-11-24 18:03:33[0m | [1mINFO    [0m 
| [36msrc.strategies.base[0m:[36m__init__[0m
:[36m92[0m - [1mStrategy initialized: 
MfiDivergenceReversion[0m
[32m2025-11-24 18:03:33[0m | [1mINFO    [0m 
| [36msrc.strategies.base[0m:[36m__init__[0m
:[36m92[0m - [1mStrategy initialized: 
StochSignalReversal[0m
[32m2025-11-24 18:03:33[0m | [1mINFO    [0m 
| [36msrc.strategies.base[0m:[36m__init__[0m
:[36m92[0m - [1mStrategy initialized: 
StochSignalReversal[0m
[32m2025-11-24 18:03:33[0m | [1mINFO    [0m 
| [36msrc.strategies.base[0m:[36m__init__[0m
:[36m92[0m - [1mStrategy initialized: 
DonchianContinuation[0m
[32m2025-11-24 18:03:33[0m | [1mINFO    [0m 
| [36msrc.strategies.base[0m:[36m__init__[0m
:[36m92[0m - [1mStrategy initialized: 
DonchianContinuation[0m
[32m2025-11-24 18:03:33[0m | [1mINFO    [0m 
| [36msrc.strategies.base[0m:[36m__init__[0m
:[36m92[0m - [1mStrategy initialized: 
MacdZeroTrend[0m
[32m2025-11-24 18:03:33[0m | [1mINFO    [0m 
| [36msrc.strategies.base[0m:[36m__init__[0m
:[36m92[0m - [1mStrategy initialized: 
MacdZeroTrend[0m
[32m2025-11-24 18:03:33[0m | [1mINFO    [0m 
| [36msrc.strategies.base[0m:[36m__init__[0m
:[36m92[0m - [1mStrategy initialized: 
AdxTrendFilterPlus[0m
[32m2025-11-24 18:03:33[0m | [1mINFO    [0m 
| [36msrc.strategies.base[0m:[36m__init__[0m
:[36m92[0m - [1mStrategy initialized: 
AdxTrendFilterPlus[0m
[32m2025-11-24 18:03:33[0m | [1mINFO    [0m 
| [36msrc.strategies.base[0m:[36m__init__[0m
:[36m92[0m - [1mStrategy initialized: 
TrendflowSupertrend[0m
[32m2025-11-24 18:03:33[0m | [1mINFO    [0m 
| [36msrc.strategies.base[0m:[36m__init__[0m
:[36m92[0m - [1mStrategy initialized: 
TrendflowSupertrend[0m
[32m2025-11-24 18:03:33[0m | [1mINFO    [0m 
| [36msrc.strategies.base[0m:[36m__init__[0m
:[36m92[0m - [1mStrategy initialized: 
BollingerSqueezeBreakout[0m
[32m2025-11-24 18:03:33[0m | [1mINFO    [0m 
| [36msrc.strategies.base[0m:[36m__init__[0m
:[36m92[0m - [1mStrategy initialized: 
BollingerSqueezeBreakout[0m
[32m2025-11-24 18:03:33[0m | [1mINFO    [0m 
| [36msrc.strategies.base[0m:[36m__init__[0m
:[36m92[0m - [1mStrategy initialized: 
KeltnerExpansion[0m
[32m2025-11-24 18:03:33[0m | [1mINFO    [0m 
| [36msrc.strategies.base[0m:[36m__init__[0m
:[36m92[0m - [1mStrategy initialized: 
KeltnerExpansion[0m
[32m2025-11-24 18:03:33[0m | [1mINFO    [0m 
| [36msrc.strategies.base[0m:[36m__init__[0m
:[36m92[0m - [1mStrategy initialized: 
DonchianVolatilityBreakout[0m
[32m2025-11-24 18:03:33[0m | [1mINFO    [0m 
| [36msrc.strategies.base[0m:[36m__init__[0m
:[36m92[0m - [1mStrategy initialized: 
DonchianVolatilityBreakout[0m
[32m2025-11-24 18:03:33[0m | [1mINFO    [0m 
| [36msrc.strategies.base[0m:[36m__init__[0m
:[36m92[0m - [1mStrategy initialized: 
AtrExpansionBreakout[0m
[32m2025-11-24 18:03:33[0m | [1mINFO    [0m 
| [36msrc.strategies.base[0m:[36m__init__[0m
:[36m92[0m - [1mStrategy initialized: 
AtrExpansionBreakout[0m
[32m2025-11-24 18:03:33[0m | [1mINFO    [0m 
| [36msrc.strategies.base[0m:[36m__init__[0m
:[36m92[0m - [1mStrategy initialized: 
ChannelSqueezePlus[0m
[32m2025-11-24 18:03:33[0m | [1mINFO    [0m 
| [36msrc.strategies.base[0m:[36m__init__[0m
:[36m92[0m - [1mStrategy initialized: 
ChannelSqueezePlus[0m
[32m2025-11-24 18:03:33[0m | [1mINFO    [0m 
| [36msrc.strategies.base[0m:[36m__init__[0m
:[36m92[0m - [1mStrategy initialized: 
VolatilityWeightedBreakout[0m
[32m2025-11-24 18:03:33[0m | [1mINFO    [0m 
| [36msrc.strategies.base[0m:[36m__init__[0m
:[36m92[0m - [1mStrategy initialized: 
VolatilityWeightedBreakout[0m
[32m2025-11-24 18:03:33[0m | [1mINFO    [0m 
| [36msrc.strategies.base[0m:[36m__init__[0m
:[36m92[0m - [1mStrategy initialized: 
LondonBreakoutAtr[0m
[32m2025-11-24 18:03:33[0m | [1mINFO    [0m 
| [36msrc.strategies.base[0m:[36m__init__[0m
:[36m92[0m - [1mStrategy initialized: 
LondonBreakoutAtr[0m
[32m2025-11-24 18:03:33[0m | [1mINFO    [0m 
| [36msrc.strategies.base[0m:[36m__init__[0m
:[36m92[0m - [1mStrategy initialized: 
VwapBreakout[0m
[32m2025-11-24 18:03:33[0m | [1mINFO    [0m 
| [36msrc.strategies.base[0m:[36m__init__[0m
:[36m92[0m - [1mStrategy initialized: 
VwapBreakout[0m
[32m2025-11-24 18:03:33[0m | [1mINFO    [0m 
| [36msrc.strategies.base[0m:[36m__init__[0m
:[36m92[0m - [1mStrategy initialized: 
EmaStackMomentum[0m
[32m2025-11-24 18:03:33[0m | [1mINFO    [0m 
| [36msrc.strategies.base[0m:[36m__init__[0m
:[36m92[0m - [1mStrategy initialized: 
EmaStackMomentum[0m
[32m2025-11-24 18:03:33[0m | [1mINFO    [0m 
| [36msrc.strategies.base[0m:[36m__init__[0m
:[36m92[0m - [1mStrategy initialized: 
MfiImpulseMomentum[0m
[32m2025-11-24 18:03:33[0m | [1mINFO    [0m 
| [36msrc.strategies.base[0m:[36m__init__[0m
:[36m92[0m - [1mStrategy initialized: 
MfiImpulseMomentum[0m
[32m2025-11-24 18:03:33[0m | [1mINFO    [0m 
| [36msrc.strategies.base[0m:[36m__init__[0m
:[36m92[0m - [1mStrategy initialized: 
TripleMomentumConfluence[0m
[32m2025-11-24 18:03:33[0m | [1mINFO    [0m 
| [36msrc.strategies.base[0m:[36m__init__[0m
:[36m92[0m - [1mStrategy initialized: 
TripleMomentumConfluence[0m
[32m2025-11-24 18:03:33[0m | [1mINFO    [0m 
| [36msrc.strategies.base[0m:[36m__init__[0m
:[36m92[0m - [1mStrategy initialized: 
RsiSupertrendFlip[0m
[32m2025-11-24 18:03:33[0m | [1mINFO    [0m 
| [36msrc.strategies.base[0m:[36m__init__[0m
:[36m92[0m - [1mStrategy initialized: 
RsiSupertrendFlip[0m
[32m2025-11-24 18:03:33[0m | [1mINFO    [0m 
| [36msrc.strategies.base[0m:[36m__init__[0m
:[36m92[0m - [1mStrategy initialized: 
MultiOscillatorConfluence[0m
[32m2025-11-24 18:03:33[0m | [1mINFO    [0m 
| [36msrc.strategies.base[0m:[36m__init__[0m
:[36m92[0m - [1mStrategy initialized: 
MultiOscillatorConfluence[0m
[32m2025-11-24 18:03:33[0m | [1mINFO    [0m 
| [36msrc.strategies.base[0m:[36m__init__[0m
:[36m92[0m - [1mStrategy initialized: 
ObvTrendConfirmation[0m
[32m2025-11-24 18:03:33[0m | [1mINFO    [0m 
| [36msrc.strategies.base[0m:[36m__init__[0m
:[36m92[0m - [1mStrategy initialized: 
ObvTrendConfirmation[0m
[32m2025-11-24 18:03:33[0m | [1mINFO    [0m 
| [36msrc.strategies.base[0m:[36m__init__[0m
:[36m92[0m - [1mStrategy initialized: 
TrendVolumeCombo[0m
[32m2025-11-24 18:03:33[0m | [1mINFO    [0m 
| [36msrc.strategies.base[0m:[36m__init__[0m
:[36m92[0m - [1mStrategy initialized: 
TrendVolumeCombo[0m
[32m2025-11-24 18:03:33[0m | [1mINFO    [0m 
| [36msrc.strategies.base[0m:[36m__init__[0m
:[36m92[0m - [1mStrategy initialized: 
EmaStackRegimeFlip[0m
[32m2025-11-24 18:03:33[0m | [1mINFO    [0m 
| [36msrc.strategies.base[0m:[36m__init__[0m
:[36m92[0m - [1mStrategy initialized: 
EmaStackRegimeFlip[0m
[32m2025-11-24 18:03:33[0m | [1mINFO    [0m 
| [36msrc.strategies.base[0m:[36m__init__[0m
:[36m92[0m - [1mStrategy initialized: 
VwapInstitutionalTrend[0m
[32m2025-11-24 18:03:33[0m | [1mINFO    [0m 
| [36msrc.strategies.base[0m:[36m__init__[0m
:[36m92[0m - [1mStrategy initialized: 
VwapInstitutionalTrend[0m
[32m2025-11-24 18:03:33[0m | [1mINFO    [0m 
| [36msrc.strategies.base[0m:[36m__init__[0m
:[36m92[0m - [1mStrategy initialized: 
VwapMeanReversion[0m
[32m2025-11-24 18:03:33[0m | [1mINFO    [0m 
| [36msrc.strategies.base[0m:[36m__init__[0m
:[36m92[0m - [1mStrategy initialized: 
VwapMeanReversion[0m
[32m2025-11-24 18:03:33[0m | [1mINFO    [0m 
| [36msrc.strategies.base[0m:[36m__init__[0m
:[36m92[0m - [1mStrategy initialized: 
VwapBandFadePro[0m
[32m2025-11-24 18:03:33[0m | [1mINFO    [0m 
| [36msrc.strategies.base[0m:[36m__init__[0m
:[36m92[0m - [1mStrategy initialized: 
VwapBandFadePro[0m
[32m2025-11-24 18:03:33[0m | [1mINFO    [0m 
| [36msrc.strategies.base[0m:[36m__init__[0m
:[36m92[0m - [1mStrategy initialized: 
OrderFlowMomentumVwap[0m
[32m2025-11-24 18:03:33[0m | [1mINFO    [0m 
| [36msrc.strategies.base[0m:[36m__init__[0m
:[36m92[0m - [1mStrategy initialized: 
OrderFlowMomentumVwap[0m
[32m2025-11-24 18:03:33[0m | [1mINFO    [0m 
| [36msrc.strategies.base[0m:[36m__init__[0m
:[36m92[0m - [1mStrategy initialized: 
KeltnerPullbackContinuation[0m
[32m2025-11-24 18:03:33[0m | [1mINFO    [0m 
| [36msrc.strategies.base[0m:[36m__init__[0m
:[36m92[0m - [1mStrategy initialized: 
KeltnerPullbackContinuation[0m
[32m2025-11-24 18:03:33[0m | [1mINFO    [0m 
| [36msrc.strategies.base[0m:[36m__init__[0m
:[36m92[0m - [1mStrategy initialized: 
Ema200TapReversion[0m
[32m2025-11-24 18:03:33[0m | [1mINFO    [0m 
| [36msrc.strategies.base[0m:[36m__init__[0m
:[36m92[0m - [1mStrategy initialized: 
Ema200TapReversion[0m
[32m2025-11-24 18:03:33[0m | [1mINFO    [0m 
| [36msrc.strategies.base[0m:[36m__init__[0m
:[36m92[0m - [1mStrategy initialized: 
DoubleDonchianPullback[0m
[32m2025-11-24 18:03:33[0m | [1mINFO    [0m 
| [36msrc.strategies.base[0m:[36m__init__[0m
:[36m92[0m - [1mStrategy initialized: 
DoubleDonchianPullback[0m
[32m2025-11-24 18:03:33[0m | [1mINFO    [0m 
| [36msrc.strategies.base[0m:[36m__init__[0m
:[36m92[0m - [1mStrategy initialized: 
PurePriceActionDonchian[0m
[32m2025-11-24 18:03:33[0m | [1mINFO    [0m 
| [36msrc.strategies.base[0m:[36m__init__[0m
:[36m92[0m - [1mStrategy initialized: 
PurePriceActionDonchian[0m
[32m2025-11-24 18:03:33[0m | [1mINFO    [0m 
| [36msrc.strategies.base[0m:[36m__init__[0m
:[36m92[0m - [1mStrategy initialized: 
ObvConfirmationBreakoutPlus[0m
[32m2025-11-24 18:03:33[0m | [1mINFO    [0m 
| [36msrc.strategies.base[0m:[36m__init__[0m
:[36m92[0m - [1mStrategy initialized: 
ObvConfirmationBreakoutPlus[0m
[32m2025-11-24 18:03:33[0m | [1mINFO    [0m 
| [36msrc.strategies.base[0m:[36m__init__[0m
:[36m92[0m - [1mStrategy initialized: 
NySessionFade[0m
[32m2025-11-24 18:03:33[0m | [1mINFO    [0m 
| [36msrc.strategies.base[0m:[36m__init__[0m
:[36m92[0m - [1mStrategy initialized: 
NySessionFade[0m
[32m2025-11-24 18:03:33[0m | [1mINFO    [0m 
| [36msrc.strategies.base[0m:[36m__init__[0m
:[36m92[0m - [1mStrategy initialized: 
RegimeAdaptiveCore[0m
[32m2025-11-24 18:03:33[0m | [1mINFO    [0m 
| [36msrc.strategies.base[0m:[36m__init__[0m
:[36m92[0m - [1mStrategy initialized: 
RegimeAdaptiveCore[0m
[32m2025-11-24 18:03:33[0m | [1mINFO    [0m 
| [36msrc.strategies.base[0m:[36m__init__[0m
:[36m92[0m - [1mStrategy initialized: 
CompleteSystem5x[0m
[32m2025-11-24 18:03:33[0m | [1mINFO    [0m 
| [36msrc.strategies.base[0m:[36m__init__[0m
:[36m92[0m - [1mStrategy initialized: 
CompleteSystem5x[0m
[32m2025-11-24 18:03:33[0m | [1mINFO    [0m 
| [36msrc.strategies.generated.auto_register[0
m:[36mregister_all_generated_strategies[0m:[3
6m100[0m - [1m? Auto-registered 37/37 
generated strategies[0m
[32m2025-11-24 18:03:33[0m | [1mINFO    [0m 
| [36msrc.strategies.registry[0m:[36m_ensure_
generated_loaded[0m:[36m139[0m - [1m? 
Loaded 40 total strategies[0m
[32m2025-11-24 18:03:33[0m | [1mINFO    [0m 
| [36msrc.strategies.registry[0m:[36m_ensure_
generated_loaded[0m:[36m144[0m - [1mTotal 
strategies available: 40[0m
[32m2025-11-24 18:03:33[0m | [1mINFO    [0m 
| [36msrc.strategies.base[0m:[36m__init__[0m
:[36m92[0m - [1mStrategy initialized: 
EmaStackMomentum[0m
[32m2025-11-24 18:03:33[0m | [1mINFO    [0m 
| [36msrc.agent.trading_agent[0m:[36m__init__
[0m:[36m82[0m - [1m=========================
================================================
=======[0m
[32m2025-11-24 18:03:33[0m | [1mINFO    [0m 
| [36msrc.agent.trading_agent[0m:[36m__init__
[0m:[36m83[0m - [1mAGENT 
agent_SOL_USDT_5m_ema_stack_momentum_81a7db - 
INITIALIZED[0m
[32m2025-11-24 18:03:33[0m | [1mINFO    [0m 
| [36msrc.agent.trading_agent[0m:[36m__init__
[0m:[36m84[0m - [1m=========================
================================================
=======[0m
[32m2025-11-24 18:03:33[0m | [1mINFO    [0m 
| [36msrc.agent.trading_agent[0m:[36m__init__
[0m:[36m85[0m - [1mSymbol: SOL/USDT[0m
[32m2025-11-24 18:03:33[0m | [1mINFO    [0m 
| [36msrc.agent.trading_agent[0m:[36m__init__
[0m:[36m86[0m - [1mTimeframe: 5m[0m
[32m2025-11-24 18:03:33[0m | [1mINFO    [0m 
| [36msrc.agent.trading_agent[0m:[36m__init__
[0m:[36m87[0m - [1mStrategy: 
ema_stack_momentum[0m
[32m2025-11-24 18:03:33[0m | [1mINFO    [0m 
| [36msrc.agent.trading_agent[0m:[36m__init__
[0m:[36m88[0m - [1mScan interval: 5 min[0m
[32m2025-11-24 18:03:33[0m | [1mINFO    [0m 
| [36msrc.agent.trading_agent[0m:[36m__init__
[0m:[36m89[0m - [1m=========================
================================================
=======[0m
[32m2025-11-24 18:03:33[0m | [1mINFO    [0m 
| [36msrc.agent.orchestrator[0m:[36m_restore_
active_agents[0m:[36m159[0m - [1mRestored 
agent 
agent_SOL_USDT_5m_ema_stack_momentum_81a7db 
(PID: 34592)[0m
[32m2025-11-24 18:03:33[0m | [1mINFO    [0m 
| [36msrc.agent.agent_storage[0m:[36m__init__
[0m:[36m35[0m - [1mAgent storage 
initialized: C:\Users\shuta\source\repos\Smart-T
rade-MCP\data\agents.db[0m
[32m2025-11-24 18:03:33[0m | [1mINFO    [0m 
| [36msrc.strategies.base[0m:[36m__init__[0m
:[36m92[0m - [1mStrategy initialized: 
BollingerSqueezeBreakout[0m
[32m2025-11-24 18:03:33[0m | [1mINFO    [0m 
| [36msrc.agent.trading_agent[0m:[36m__init__
[0m:[36m82[0m - [1m=========================
================================================
=======[0m
[32m2025-11-24 18:03:33[0m | [1mINFO    [0m 
| [36msrc.agent.trading_agent[0m:[36m__init__
[0m:[36m83[0m - [1mAGENT agent_SOL_USDT_5m_b
ollinger_squeeze_breakout_6a16b7 - 
INITIALIZED[0m
[32m2025-11-24 18:03:33[0m | [1mINFO    [0m 
| [36msrc.agent.trading_agent[0m:[36m__init__
[0m:[36m84[0m - [1m=========================
================================================
=======[0m
[32m2025-11-24 18:03:33[0m | [1mINFO    [0m 
| [36msrc.agent.trading_agent[0m:[36m__init__
[0m:[36m85[0m - [1mSymbol: SOL/USDT[0m
[32m2025-11-24 18:03:33[0m | [1mINFO    [0m 
| [36msrc.agent.trading_agent[0m:[36m__init__
[0m:[36m86[0m - [1mTimeframe: 5m[0m
[32m2025-11-24 18:03:33[0m | [1mINFO    [0m 
| [36msrc.agent.trading_agent[0m:[36m__init__
[0m:[36m87[0m - [1mStrategy: 
bollinger_squeeze_breakout[0m
[32m2025-11-24 18:03:33[0m | [1mINFO    [0m 
| [36msrc.agent.trading_agent[0m:[36m__init__
[0m:[36m88[0m - [1mScan interval: 5 min[0m
[32m2025-11-24 18:03:33[0m | [1mINFO    [0m 
| [36msrc.agent.trading_agent[0m:[36m__init__
[0m:[36m89[0m - [1m=========================
================================================
=======[0m
[32m2025-11-24 18:03:33[0m | [1mINFO    [0m 
| [36msrc.agent.orchestrator[0m:[36m_restore_
active_agents[0m:[36m159[0m - [1mRestored 
agent agent_SOL_USDT_5m_bollinger_squeeze_breako
ut_6a16b7 (PID: 17284)[0m
[32m2025-11-24 18:03:33[0m | [1mINFO    [0m 
| [36msrc.agent.agent_storage[0m:[36m__init__
[0m:[36m35[0m - [1mAgent storage 
initialized: C:\Users\shuta\source\repos\Smart-T
rade-MCP\data\agents.db[0m
[32m2025-11-24 18:03:33[0m | [1mINFO    [0m 
| [36msrc.strategies.base[0m:[36m__init__[0m
:[36m92[0m - [1mStrategy initialized: 
MultiOscillatorConfluence[0m
[32m2025-11-24 18:03:33[0m | [1mINFO    [0m 
| [36msrc.agent.trading_agent[0m:[36m__init__
[0m:[36m82[0m - [1m=========================
================================================
=======[0m
[32m2025-11-24 18:03:33[0m | [1mINFO    [0m 
| [36msrc.agent.trading_agent[0m:[36m__init__
[0m:[36m83[0m - [1mAGENT agent_SOL_USDT_5m_m
ulti_oscillator_confluence_03c7ba - 
INITIALIZED[0m
[32m2025-11-24 18:03:33[0m | [1mINFO    [0m 
| [36msrc.agent.trading_agent[0m:[36m__init__
[0m:[36m84[0m - [1m=========================
================================================
=======[0m
[32m2025-11-24 18:03:33[0m | [1mINFO    [0m 
| [36msrc.agent.trading_agent[0m:[36m__init__
[0m:[36m85[0m - [1mSymbol: SOL/USDT[0m
[32m2025-11-24 18:03:33[0m | [1mINFO    [0m 
| [36msrc.agent.trading_agent[0m:[36m__init__
[0m:[36m86[0m - [1mTimeframe: 5m[0m
[32m2025-11-24 18:03:33[0m | [1mINFO    [0m 
| [36msrc.agent.trading_agent[0m:[36m__init__
[0m:[36m87[0m - [1mStrategy: 
multi_oscillator_confluence[0m
[32m2025-11-24 18:03:33[0m | [1mINFO    [0m 
| [36msrc.agent.trading_agent[0m:[36m__init__
[0m:[36m88[0m - [1mScan interval: 5 min[0m
[32m2025-11-24 18:03:33[0m | [1mINFO    [0m 
| [36msrc.agent.trading_agent[0m:[36m__init__
[0m:[36m89[0m - [1m=========================
================================================
=======[0m
[32m2025-11-24 18:03:33[0m | [1mINFO    [0m 
| [36msrc.agent.orchestrator[0m:[36m_restore_
active_agents[0m:[36m159[0m - [1mRestored 
agent agent_SOL_USDT_5m_multi_oscillator_conflue
nce_03c7ba (PID: 34020)[0m
[32m2025-11-24 18:03:33[0m | [1mINFO    [0m 
| [36msrc.agent.orchestrator[0m:[36m_restore_
active_agents[0m:[36m168[0m - [1mRestored 4 
active agents from storage[0m
[32m2025-11-24 18:03:33[0m | [1mINFO    [0m 
| [36msrc.agent.orchestrator[0m:[36m_start_mo
nitor[0m:[36m71[0m - [1mAgent monitor 
thread started[0m
[32m2025-11-24 18:03:33[0m | [1mINFO    [0m 
| [36msrc.core.data_manager[0m:[36mfetch_hist
orical[0m:[36m224[0m - [1mFetching 
historical data: BTC/USDT 1h from 2024-11-24 
18:03:33.609321 to 2025-11-24 
18:03:33.609321[0m
[32m2025-11-24 18:03:33[0m | [1mINFO    [0m 
| [36msrc.core.data_manager[0m:[36mfetch_ohlc
v[0m:[36m110[0m - [1mFetching BTC/USDT 1h 
from binance[0m
[32m2025-11-24 18:03:33[0m | [1mINFO    [0m 
| [36msrc.core.data_manager[0m:[36m_get_excha
nge[0m:[36m58[0m - [1mUsing public Binance 
API (no authentication)[0m
[32m2025-11-24 18:03:35[0m | [1mINFO    [0m 
| [36msrc.core.logger[0m:[36msetup_logging[0
m:[36m84[0m - [1mLogging initialized - 
Level: INFO, MCP Mode: False, Test Mode: 
False[0m
[32m2025-11-24 18:03:35[0m | [1mINFO    [0m 
| [36msrc.core.logger[0m:[36msetup_logging[0
m:[36m84[0m - [1mLogging initialized - 
Level: INFO, MCP Mode: False, Test Mode: 
False[0m
[32m2025-11-24 18:03:35[0m | [1mINFO    [0m 
| [36msrc.core.logger[0m:[36msetup_logging[0
m:[36m84[0m - [1mLogging initialized - 
Level: INFO, MCP Mode: False, Test Mode: 
False[0m
[32m2025-11-24 18:03:35[0m | [1mINFO    [0m 
| [36msrc.core.logger[0m:[36msetup_logging[0
m:[36m84[0m - [1mLogging initialized - 
Level: INFO, MCP Mode: False, Test Mode: 
False[0m
[32m2025-11-24 18:03:36[0m | [1mINFO    [0m 
| [36msrc.core.data_manager[0m:[36m_get_excha
nge[0m:[36m64[0m - [1mExchange initialized: 
binance[0m
[32m2025-11-24 18:03:37[0m | [1mINFO    [0m 
| [36msrc.core.database[0m:[36minit_database
[0m:[36m103[0m - [1mDatabase initialized: 
data\market\binance\BTC_USDT_1h.db[0m
[32m2025-11-24 18:03:37[0m | [1mINFO    [0m 
| [36msrc.core.database[0m:[36minsert_candles
[0m:[36m148[0m - [1mInserted 1000 candles 
into data\market\binance\BTC_USDT_1h.db[0m
[32m2025-11-24 18:03:37[0m | [1mINFO    [0m 
| [36msrc.core.data_manager[0m:[36mfetch_ohlc
v[0m:[36m145[0m - [1mFetched 1000 candles 
for BTC/USDT 1h[0m
[32m2025-11-24 18:03:37[0m | [1mINFO    [0m 
| [36msrc.core.data_manager[0m:[36mfetch_ohlc
v[0m:[36m110[0m - [1mFetching BTC/USDT 1h 
from binance[0m
[32m2025-11-24 18:03:37[0m | [1mINFO    [0m 
| [36msrc.core.database[0m:[36minit_database
[0m:[36m103[0m - [1mDatabase initialized: 
data\market\binance\BTC_USDT_1h.db[0m
[32m2025-11-24 18:03:37[0m | [1mINFO    [0m 
| [36msrc.core.database[0m:[36minsert_candles
[0m:[36m148[0m - [1mInserted 1000 candles 
into data\market\binance\BTC_USDT_1h.db[0m
[32m2025-11-24 18:03:37[0m | [1mINFO    [0m 
| [36msrc.core.data_manager[0m:[36mfetch_ohlc
v[0m:[36m145[0m - [1mFetched 1000 candles 
for BTC/USDT 1h[0m
[32m2025-11-24 18:03:38[0m | [1mINFO    [0m 
| [36msrc.core.data_manager[0m:[36mfetch_ohlc
v[0m:[36m110[0m - [1mFetching BTC/USDT 1h 
from binance[0m
[32m2025-11-24 18:03:38[0m | [1mINFO    [0m 
| [36msrc.strategies.base[0m:[36m__init__[0m
:[36m92[0m - [1mStrategy initialized: 
RSIStrategy[0m
[32m2025-11-24 18:03:38[0m | [1mINFO    [0m 
| [36msrc.strategies.base[0m:[36m__init__[0m
:[36m92[0m - [1mStrategy initialized: 
MACDStrategy[0m
[32m2025-11-24 18:03:38[0m | [1mINFO    [0m 
| [36msrc.strategies.base[0m:[36m__init__[0m
:[36m92[0m - [1mStrategy initialized: 
VolumeShooterStrategy[0m
[32m2025-11-24 18:03:38[0m | [1mINFO    [0m 
| [36msrc.strategies.base[0m:[36m__init__[0m
:[36m92[0m - [1mStrategy initialized: 
RSIStrategy[0m
[32m2025-11-24 18:03:38[0m | [1mINFO    [0m 
| [36msrc.strategies.base[0m:[36m__init__[0m
:[36m92[0m - [1mStrategy initialized: 
MACDStrategy[0m
[32m2025-11-24 18:03:38[0m | [1mINFO    [0m 
| [36msrc.strategies.base[0m:[36m__init__[0m
:[36m92[0m - [1mStrategy initialized: 
VolumeShooterStrategy[0m
[32m2025-11-24 18:03:38[0m | [1mINFO    [0m 
| [36msrc.strategies.base[0m:[36m__init__[0m
:[36m92[0m - [1mStrategy initialized: 
RSIStrategy[0m
[32m2025-11-24 18:03:38[0m | [1mINFO    [0m 
| [36msrc.strategies.base[0m:[36m__init__[0m
:[36m92[0m - [1mStrategy initialized: 
MACDStrategy[0m
[32m2025-11-24 18:03:38[0m | [1mINFO    [0m 
| [36msrc.strategies.base[0m:[36m__init__[0m
:[36m92[0m - [1mStrategy initialized: 
VolumeShooterStrategy[0m
[32m2025-11-24 18:03:38[0m | [1mINFO    [0m 
| [36msrc.strategies.base[0m:[36m__init__[0m
:[36m92[0m - [1mStrategy initialized: 
RSIStrategy[0m
[32m2025-11-24 18:03:38[0m | [1mINFO    [0m 
| [36msrc.strategies.base[0m:[36m__init__[0m
:[36m92[0m - [1mStrategy initialized: 
MACDStrategy[0m
[32m2025-11-24 18:03:38[0m | [1mINFO    [0m 
| [36msrc.strategies.base[0m:[36m__init__[0m
:[36m92[0m - [1mStrategy initialized: 
VolumeShooterStrategy[0m
[32m2025-11-24 18:03:38[0m | [1mINFO    [0m 
| [36msrc.strategies.base[0m:[36m__init__[0m
:[36m92[0m - [1mStrategy initialized: 
TrendflowSupertrend[0m
[32m2025-11-24 18:03:38[0m | [1mINFO    [0m 
| [36msrc.strategies.registry[0m:[36m_registe
r_builtin_strategies[0m:[36m127[0m - 
[1mLazy loading enabled - generated strategies 
will load on demand[0m
[32m2025-11-24 18:03:38[0m | [1mINFO    [0m 
| [36msrc.strategies.registry[0m:[36m_registe
r_builtin_strategies[0m:[36m129[0m - 
[1mRegistered 4 built-in strategies[0m
[32m2025-11-24 18:03:38[0m | [1mINFO    [0m 
| [36msrc.strategies.base[0m:[36m__init__[0m
:[36m92[0m - [1mStrategy initialized: 
TrendflowSupertrend[0m
[32m2025-11-24 18:03:38[0m | [1mINFO    [0m 
| [36msrc.strategies.registry[0m:[36m_registe
r_builtin_strategies[0m:[36m127[0m - 
[1mLazy loading enabled - generated strategies 
will load on demand[0m
[32m2025-11-24 18:03:38[0m | [1mINFO    [0m 
| [36msrc.strategies.registry[0m:[36m_registe
r_builtin_strategies[0m:[36m129[0m - 
[1mRegistered 4 built-in strategies[0m
[32m2025-11-24 18:03:38[0m | [1mINFO    [0m 
| [36msrc.strategies.base[0m:[36m__init__[0m
:[36m92[0m - [1mStrategy initialized: 
TrendflowSupertrend[0m
[32m2025-11-24 18:03:38[0m | [1mINFO    [0m 
| [36msrc.strategies.registry[0m:[36m_registe
r_builtin_strategies[0m:[36m127[0m - 
[1mLazy loading enabled - generated strategies 
will load on demand[0m
[32m2025-11-24 18:03:38[0m | [1mINFO    [0m 
| [36msrc.strategies.registry[0m:[36m_registe
r_builtin_strategies[0m:[36m129[0m - 
[1mRegistered 4 built-in strategies[0m
[32m2025-11-24 18:03:38[0m | [1mINFO    [0m 
| [36msrc.strategies.base[0m:[36m__init__[0m
:[36m92[0m - [1mStrategy initialized: 
TrendflowSupertrend[0m
[32m2025-11-24 18:03:38[0m | [1mINFO    [0m 
| [36msrc.strategies.registry[0m:[36m_registe
r_builtin_strategies[0m:[36m127[0m - 
[1mLazy loading enabled - generated strategies 
will load on demand[0m
[32m2025-11-24 18:03:38[0m | [1mINFO    [0m 
| [36msrc.strategies.registry[0m:[36m_registe
r_builtin_strategies[0m:[36m129[0m - 
[1mRegistered 4 built-in strategies[0m
[32m2025-11-24 18:03:38[0m | [1mINFO    [0m 
| [36msrc.core.database[0m:[36minit_database
[0m:[36m103[0m - [1mDatabase initialized: 
data\market\binance\BTC_USDT_1h.db[0m
[32m2025-11-24 18:03:38[0m | [1mINFO    [0m 
| [36msrc.core.database[0m:[36minsert_candles
[0m:[36m148[0m - [1mInserted 1000 candles 
into data\market\binance\BTC_USDT_1h.db[0m
[32m2025-11-24 18:03:38[0m | [1mINFO    [0m 
| [36msrc.core.data_manager[0m:[36mfetch_ohlc
v[0m:[36m145[0m - [1mFetched 1000 candles 
for BTC/USDT 1h[0m
[32m2025-11-24 18:03:39[0m | [1mINFO    [0m 
| [36msrc.core.data_manager[0m:[36mfetch_ohlc
v[0m:[36m110[0m - [1mFetching BTC/USDT 1h 
from binance[0m
[32m2025-11-24 18:03:39[0m | [1mINFO    [0m 
| [36msrc.core.database[0m:[36minit_database
[0m:[36m103[0m - [1mDatabase initialized: 
data\market\binance\BTC_USDT_1h.db[0m
[32m2025-11-24 18:03:39[0m | [1mINFO    [0m 
| [36msrc.core.database[0m:[36minsert_candles
[0m:[36m148[0m - [1mInserted 1000 candles 
into data\market\binance\BTC_USDT_1h.db[0m
[32m2025-11-24 18:03:39[0m | [1mINFO    [0m 
| [36msrc.core.data_manager[0m:[36mfetch_ohlc
v[0m:[36m145[0m - [1mFetched 1000 candles 
for BTC/USDT 1h[0m
[32m2025-11-24 18:03:39[0m | [1mINFO    [0m 
| [36msrc.core.data_manager[0m:[36mfetch_ohlc
v[0m:[36m110[0m - [1mFetching BTC/USDT 1h 
from binance[0m
[32m2025-11-24 18:03:40[0m | [1mINFO    [0m 
| [36msrc.agent.pair_management[0m:[36m__init
__[0m:[36m25[0m - [1mPair management 
storage initialized: data\pair_management.db[0m
[32m2025-11-24 18:03:40[0m | [1mINFO    [0m 
| [36msrc.agent.pair_management[0m:[36m__init
__[0m:[36m25[0m - [1mPair management 
storage initialized: data\pair_management.db[0m
[32m2025-11-24 18:03:40[0m | [1mINFO    [0m 
| [36msrc.agent.pair_management[0m:[36m__init
__[0m:[36m25[0m - [1mPair management 
storage initialized: data\pair_management.db[0m
[32m2025-11-24 18:03:40[0m | [1mINFO    [0m 
| [36msrc.core.database[0m:[36minit_database
[0m:[36m103[0m - [1mDatabase initialized: 
data\market\binance\BTC_USDT_1h.db[0m
[32m2025-11-24 18:03:40[0m | [1mINFO    [0m 
| [36msrc.agent.agent_storage[0m:[36m__init__
[0m:[36m35[0m - [1mAgent storage 
initialized: data\agents.db[0m
[32m2025-11-24 18:03:40[0m | [1mINFO    [0m 
| [36msrc.agent.orchestrator[0m:[36m__init__
[0m:[36m44[0m - [1m==========================
================================================
======[0m
[32m2025-11-24 18:03:40[0m | [1mINFO    [0m 
| [36msrc.agent.agent_storage[0m:[36m__init__
[0m:[36m35[0m - [1mAgent storage 
initialized: data\agents.db[0m
[32m2025-11-24 18:03:40[0m | [1mINFO    [0m 
| [36msrc.agent.orchestrator[0m:[36m__init__
[0m:[36m45[0m - [1mAGENT ORCHESTRATOR - 
INITIALIZED[0m
[32m2025-11-24 18:03:40[0m | [1mINFO    [0m 
| [36msrc.agent.orchestrator[0m:[36m__init__
[0m:[36m44[0m - [1m==========================
================================================
======[0m
[32m2025-11-24 18:03:40[0m | [1mINFO    [0m 
| [36msrc.agent.orchestrator[0m:[36m__init__
[0m:[36m45[0m - [1mAGENT ORCHESTRATOR - 
INITIALIZED[0m
[32m2025-11-24 18:03:40[0m | [1mINFO    [0m 
| [36msrc.agent.orchestrator[0m:[36m__init__
[0m:[36m46[0m - [1mMax agents: 20 | 
Auto-restart: True[0m
[32m2025-11-24 18:03:40[0m | [1mINFO    [0m 
| [36msrc.agent.orchestrator[0m:[36m__init__
[0m:[36m46[0m - [1mMax agents: 20 | 
Auto-restart: True[0m
[32m2025-11-24 18:03:40[0m | [1mINFO    [0m 
| [36msrc.agent.orchestrator[0m:[36m__init__
[0m:[36m47[0m - [1m==========================
================================================
======[0m
[32m2025-11-24 18:03:40[0m | [1mINFO    [0m 
| [36msrc.agent.orchestrator[0m:[36m__init__
[0m:[36m47[0m - [1m==========================
================================================
======[0m
[32m2025-11-24 18:03:40[0m | [1mINFO    [0m 
| [36msrc.agent.agent_storage[0m:[36m__init__
[0m:[36m35[0m - [1mAgent storage 
initialized: data\agents.db[0m
[32m2025-11-24 18:03:40[0m | [1mINFO    [0m 
| [36msrc.agent.orchestrator[0m:[36m__init__
[0m:[36m44[0m - [1m==========================
================================================
======[0m
[32m2025-11-24 18:03:40[0m | [1mINFO    [0m 
| [36msrc.agent.orchestrator[0m:[36m__init__
[0m:[36m45[0m - [1mAGENT ORCHESTRATOR - 
INITIALIZED[0m
[32m2025-11-24 18:03:40[0m | [1mINFO    [0m 
| [36msrc.agent.orchestrator[0m:[36m__init__
[0m:[36m46[0m - [1mMax agents: 20 | 
Auto-restart: True[0m
[32m2025-11-24 18:03:40[0m | [1mINFO    [0m 
| [36msrc.agent.orchestrator[0m:[36m__init__
[0m:[36m47[0m - [1m==========================
================================================
======[0m
[32m2025-11-24 18:03:40[0m | [1mINFO    [0m 
| [36msrc.agent.agent_storage[0m:[36m__init__
[0m:[36m35[0m - [1mAgent storage 
initialized: C:\Users\shuta\source\repos\Smart-T
rade-MCP\data\agents.db[0m
[32m2025-11-24 18:03:40[0m | [1mINFO    [0m 
| [36msrc.agent.agent_storage[0m:[36m__init__
[0m:[36m35[0m - [1mAgent storage 
initialized: C:\Users\shuta\source\repos\Smart-T
rade-MCP\data\agents.db[0m
[32m2025-11-24 18:03:40[0m | [1mINFO    [0m 
| [36msrc.strategies.base[0m:[36m__init__[0m
:[36m92[0m - [1mStrategy initialized: 
VolumeShooterStrategy[0m
[32m2025-11-24 18:03:40[0m | [1mINFO    [0m 
| [36msrc.strategies.base[0m:[36m__init__[0m
:[36m92[0m - [1mStrategy initialized: 
VolumeShooterStrategy[0m
[32m2025-11-24 18:03:40[0m | [1mINFO    [0m 
| [36msrc.agent.trading_agent[0m:[36m__init__
[0m:[36m82[0m - [1m=========================
================================================
=======[0m
[32m2025-11-24 18:03:40[0m | [1mINFO    [0m 
| [36msrc.agent.trading_agent[0m:[36m__init__
[0m:[36m82[0m - [1m=========================
================================================
=======[0m
[32m2025-11-24 18:03:40[0m | [1mINFO    [0m 
| [36msrc.agent.trading_agent[0m:[36m__init__
[0m:[36m83[0m - [1mAGENT 
agent_SOL_USDT_5m_volume_shooter_a52613 - 
INITIALIZED[0m
[32m2025-11-24 18:03:40[0m | [1mINFO    [0m 
| [36msrc.agent.trading_agent[0m:[36m__init__
[0m:[36m83[0m - [1mAGENT 
agent_SOL_USDT_5m_volume_shooter_a52613 - 
INITIALIZED[0m
[32m2025-11-24 18:03:40[0m | [1mINFO    [0m 
| [36msrc.agent.trading_agent[0m:[36m__init__
[0m:[36m84[0m - [1m=========================
================================================
=======[0m
[32m2025-11-24 18:03:40[0m | [1mINFO    [0m 
| [36msrc.agent.trading_agent[0m:[36m__init__
[0m:[36m84[0m - [1m=========================
================================================
=======[0m
[32m2025-11-24 18:03:40[0m | [1mINFO    [0m 
| [36msrc.agent.trading_agent[0m:[36m__init__
[0m:[36m85[0m - [1mSymbol: SOL/USDT[0m
[32m2025-11-24 18:03:40[0m | [1mINFO    [0m 
| [36msrc.agent.trading_agent[0m:[36m__init__
[0m:[36m85[0m - [1mSymbol: SOL/USDT[0m
[32m2025-11-24 18:03:40[0m | [1mINFO    [0m 
| [36msrc.agent.trading_agent[0m:[36m__init__
[0m:[36m86[0m - [1mTimeframe: 5m[0m
[32m2025-11-24 18:03:40[0m | [1mINFO    [0m 
| [36msrc.agent.trading_agent[0m:[36m__init__
[0m:[36m86[0m - [1mTimeframe: 5m[0m
[32m2025-11-24 18:03:40[0m | [1mINFO    [0m 
| [36msrc.agent.trading_agent[0m:[36m__init__
[0m:[36m87[0m - [1mStrategy: 
volume_shooter[0m
[32m2025-11-24 18:03:40[0m | [1mINFO    [0m 
| [36msrc.agent.trading_agent[0m:[36m__init__
[0m:[36m87[0m - [1mStrategy: 
volume_shooter[0m
[32m2025-11-24 18:03:40[0m | [1mINFO    [0m 
| [36msrc.agent.agent_storage[0m:[36m__init__
[0m:[36m35[0m - [1mAgent storage 
initialized: C:\Users\shuta\source\repos\Smart-T
rade-MCP\data\agents.db[0m
[32m2025-11-24 18:03:40[0m | [1mINFO    [0m 
| [36msrc.agent.trading_agent[0m:[36m__init__
[0m:[36m88[0m - [1mScan interval: 5 min[0m
[32m2025-11-24 18:03:40[0m | [1mINFO    [0m 
| [36msrc.agent.trading_agent[0m:[36m__init__
[0m:[36m88[0m - [1mScan interval: 5 min[0m
[32m2025-11-24 18:03:40[0m | [1mINFO    [0m 
| [36msrc.strategies.base[0m:[36m__init__[0m
:[36m92[0m - [1mStrategy initialized: 
VolumeShooterStrategy[0m
[32m2025-11-24 18:03:40[0m | [1mINFO    [0m 
| [36msrc.agent.trading_agent[0m:[36m__init__
[0m:[36m89[0m - [1m=========================
================================================
=======[0m
[32m2025-11-24 18:03:40[0m | [1mINFO    [0m 
| [36msrc.agent.trading_agent[0m:[36m__init__
[0m:[36m89[0m - [1m=========================
================================================
=======[0m
[32m2025-11-24 18:03:40[0m | [1mINFO    [0m 
| [36msrc.agent.trading_agent[0m:[36m__init__
[0m:[36m82[0m - [1m=========================
================================================
=======[0m
[32m2025-11-24 18:03:40[0m | [1mINFO    [0m 
| [36msrc.agent.trading_agent[0m:[36m__init__
[0m:[36m83[0m - [1mAGENT 
agent_SOL_USDT_5m_volume_shooter_a52613 - 
INITIALIZED[0m
[32m2025-11-24 18:03:40[0m | [1mINFO    [0m 
| [36msrc.agent.trading_agent[0m:[36m__init__
[0m:[36m84[0m - [1m=========================
================================================
=======[0m
[32m2025-11-24 18:03:40[0m | [1mINFO    [0m 
| [36msrc.agent.trading_agent[0m:[36m__init__
[0m:[36m85[0m - [1mSymbol: SOL/USDT[0m
[32m2025-11-24 18:03:40[0m | [1mINFO    [0m 
| [36msrc.agent.trading_agent[0m:[36m__init__
[0m:[36m86[0m - [1mTimeframe: 5m[0m
[32m2025-11-24 18:03:40[0m | [1mINFO    [0m 
| [36msrc.agent.trading_agent[0m:[36m__init__
[0m:[36m87[0m - [1mStrategy: 
volume_shooter[0m
[32m2025-11-24 18:03:40[0m | [31m[1mERROR   
[0m | [36msrc.agent.orchestrator[0m:[36m_res
tore_active_agents[0m:[36m166[0m - 
[31m[1mFailed to restore agent 
agent_SOL_USDT_5m_volume_shooter_a52613: 
        An attempt has been made to start a new 
process before the
        current process has finished its 
bootstrapping phase.

        This probably means that you are not 
using fork to start your
        child processes and you have forgotten 
to use the proper idiom
        in the main module:

            if __name__ == '__main__':
                freeze_support()
                ...

        The "freeze_support()" line can be 
omitted if the program
        is not going to be frozen to produce an 
executable.

        To fix this issue, refer to the "Safe 
importing of main module"
        section in https://docs.python.org/3/lib
rary/multiprocessing.html
        [0m
[32m2025-11-24 18:03:40[0m | [31m[1mERROR   
[0m | [36msrc.agent.orchestrator[0m:[36m_res
tore_active_agents[0m:[36m166[0m - 
[31m[1mFailed to restore agent 
agent_SOL_USDT_5m_volume_shooter_a52613: 
        An attempt has been made to start a new 
process before the
        current process has finished its 
bootstrapping phase.

        This probably means that you are not 
using fork to start your
        child processes and you have forgotten 
to use the proper idiom
        in the main module:

            if __name__ == '__main__':
                freeze_support()
                ...

        The "freeze_support()" line can be 
omitted if the program
        is not going to be frozen to produce an 
executable.

        To fix this issue, refer to the "Safe 
importing of main module"
        section in https://docs.python.org/3/lib
rary/multiprocessing.html
        [0m
[32m2025-11-24 18:03:40[0m | [1mINFO    [0m 
| [36msrc.agent.trading_agent[0m:[36m__init__
[0m:[36m88[0m - [1mScan interval: 5 min[0m
[32m2025-11-24 18:03:40[0m | [1mINFO    [0m 
| [36msrc.agent.trading_agent[0m:[36m__init__
[0m:[36m89[0m - [1m=========================
================================================
=======[0m
[32m2025-11-24 18:03:40[0m | [31m[1mERROR   
[0m | [36msrc.agent.orchestrator[0m:[36m_res
tore_active_agents[0m:[36m166[0m - 
[31m[1mFailed to restore agent 
agent_SOL_USDT_5m_volume_shooter_a52613: 
        An attempt has been made to start a new 
process before the
        current process has finished its 
bootstrapping phase.

        This probably means that you are not 
using fork to start your
        child processes and you have forgotten 
to use the proper idiom
        in the main module:

            if __name__ == '__main__':
                freeze_support()
                ...

        The "freeze_support()" line can be 
omitted if the program
        is not going to be frozen to produce an 
executable.

        To fix this issue, refer to the "Safe 
importing of main module"
        section in https://docs.python.org/3/lib
rary/multiprocessing.html
        [0m
[32m2025-11-24 18:03:40[0m | [1mINFO    [0m 
| [36msrc.agent.agent_storage[0m:[36m__init__
[0m:[36m35[0m - [1mAgent storage 
initialized: C:\Users\shuta\source\repos\Smart-T
rade-MCP\data\agents.db[0m
[32m2025-11-24 18:03:40[0m | [1mINFO    [0m 
| [36msrc.strategies.registry[0m:[36m_ensure_
generated_loaded[0m:[36m134[0m - [1mLoading 
generated strategies...[0m
[32m2025-11-24 18:03:40[0m | [1mINFO    [0m 
| [36msrc.agent.agent_storage[0m:[36m__init__
[0m:[36m35[0m - [1mAgent storage 
initialized: C:\Users\shuta\source\repos\Smart-T
rade-MCP\data\agents.db[0m
[32m2025-11-24 18:03:40[0m | [1mINFO    [0m 
| [36msrc.agent.agent_storage[0m:[36m__init__
[0m:[36m35[0m - [1mAgent storage 
initialized: C:\Users\shuta\source\repos\Smart-T
rade-MCP\data\agents.db[0m
[32m2025-11-24 18:03:40[0m | [1mINFO    [0m 
| [36msrc.strategies.registry[0m:[36m_ensure_
generated_loaded[0m:[36m134[0m - [1mLoading 
generated strategies...[0m
[32m2025-11-24 18:03:40[0m | [1mINFO    [0m 
| [36msrc.strategies.registry[0m:[36m_ensure_
generated_loaded[0m:[36m134[0m - [1mLoading 
generated strategies...[0m
[32m2025-11-24 18:03:40[0m | [1mINFO    [0m 
| [36msrc.strategies.base[0m:[36m__init__[0m
:[36m92[0m - [1mStrategy initialized: 
BollingerMeanReversion[0m
[32m2025-11-24 18:03:40[0m | [1mINFO    [0m 
| [36msrc.strategies.base[0m:[36m__init__[0m
:[36m92[0m - [1mStrategy initialized: 
BollingerMeanReversion[0m
[32m2025-11-24 18:03:40[0m | [1mINFO    [0m 
| [36msrc.strategies.base[0m:[36m__init__[0m
:[36m92[0m - [1mStrategy initialized: 
RsiBandReversion[0m
[32m2025-11-24 18:03:40[0m | [1mINFO    [0m 
| [36msrc.strategies.base[0m:[36m__init__[0m
:[36m92[0m - [1mStrategy initialized: 
RsiBandReversion[0m
[32m2025-11-24 18:03:40[0m | [1mINFO    [0m 
| [36msrc.strategies.base[0m:[36m__init__[0m
:[36m92[0m - [1mStrategy initialized: 
BollingerMeanReversion[0m
[32m2025-11-24 18:03:40[0m | [1mINFO    [0m 
| [36msrc.strategies.base[0m:[36m__init__[0m
:[36m92[0m - [1mStrategy initialized: 
CciExtremeSnapback[0m
[32m2025-11-24 18:03:40[0m | [1mINFO    [0m 
| [36msrc.strategies.base[0m:[36m__init__[0m
:[36m92[0m - [1mStrategy initialized: 
BollingerMeanReversion[0m
[32m2025-11-24 18:03:40[0m | [1mINFO    [0m 
| [36msrc.strategies.base[0m:[36m__init__[0m
:[36m92[0m - [1mStrategy initialized: 
BollingerMeanReversion[0m
[32m2025-11-24 18:03:40[0m | [1mINFO    [0m 
| [36msrc.strategies.base[0m:[36m__init__[0m
:[36m92[0m - [1mStrategy initialized: 
CciExtremeSnapback[0m
[32m2025-11-24 18:03:40[0m | [1mINFO    [0m 
| [36msrc.strategies.base[0m:[36m__init__[0m
:[36m92[0m - [1mStrategy initialized: 
BollingerMeanReversion[0m
[32m2025-11-24 18:03:40[0m | [1mINFO    [0m 
| [36msrc.strategies.base[0m:[36m__init__[0m
:[36m92[0m - [1mStrategy initialized: 
RsiBandReversion[0m
[32m2025-11-24 18:03:40[0m | [1mINFO    [0m 
| [36msrc.strategies.base[0m:[36m__init__[0m
:[36m92[0m - [1mStrategy initialized: 
RsiBandReversion[0m
[32m2025-11-24 18:03:40[0m | [1mINFO    [0m 
| [36msrc.strategies.base[0m:[36m__init__[0m
:[36m92[0m - [1mStrategy initialized: 
MfiDivergenceReversion[0m
[32m2025-11-24 18:03:40[0m | [1mINFO    [0m 
| [36msrc.strategies.base[0m:[36m__init__[0m
:[36m92[0m - [1mStrategy initialized: 
RsiBandReversion[0m
[32m2025-11-24 18:03:40[0m | [1mINFO    [0m 
| [36msrc.strategies.base[0m:[36m__init__[0m
:[36m92[0m - [1mStrategy initialized: 
RsiBandReversion[0m
[32m2025-11-24 18:03:40[0m | [1mINFO    [0m 
| [36msrc.strategies.base[0m:[36m__init__[0m
:[36m92[0m - [1mStrategy initialized: 
MfiDivergenceReversion[0m
[32m2025-11-24 18:03:40[0m | [1mINFO    [0m 
| [36msrc.agent.pair_management[0m:[36m__init
__[0m:[36m25[0m - [1mPair management 
storage initialized: data\pair_management.db[0m
[32m2025-11-24 18:03:40[0m | [1mINFO    [0m 
| [36msrc.strategies.base[0m:[36m__init__[0m
:[36m92[0m - [1mStrategy initialized: 
CciExtremeSnapback[0m
[32m2025-11-24 18:03:40[0m | [1mINFO    [0m 
| [36msrc.strategies.base[0m:[36m__init__[0m
:[36m92[0m - [1mStrategy initialized: 
CciExtremeSnapback[0m
[32m2025-11-24 18:03:40[0m | [1mINFO    [0m 
| [36msrc.strategies.base[0m:[36m__init__[0m
:[36m92[0m - [1mStrategy initialized: 
StochSignalReversal[0m
[32m2025-11-24 18:03:40[0m | [1mINFO    [0m 
| [36msrc.strategies.base[0m:[36m__init__[0m
:[36m92[0m - [1mStrategy initialized: 
CciExtremeSnapback[0m
[32m2025-11-24 18:03:40[0m | [1mINFO    [0m 
| [36msrc.strategies.base[0m:[36m__init__[0m
:[36m92[0m - [1mStrategy initialized: 
CciExtremeSnapback[0m
[32m2025-11-24 18:03:40[0m | [1mINFO    [0m 
| [36msrc.strategies.base[0m:[36m__init__[0m
:[36m92[0m - [1mStrategy initialized: 
StochSignalReversal[0m
[32m2025-11-24 18:03:40[0m | [1mINFO    [0m 
| [36msrc.strategies.base[0m:[36m__init__[0m
:[36m92[0m - [1mStrategy initialized: 
MfiDivergenceReversion[0m
[32m2025-11-24 18:03:40[0m | [1mINFO    [0m 
| [36msrc.strategies.base[0m:[36m__init__[0m
:[36m92[0m - [1mStrategy initialized: 
MfiDivergenceReversion[0m
[32m2025-11-24 18:03:40[0m | [1mINFO    [0m 
| [36msrc.strategies.base[0m:[36m__init__[0m
:[36m92[0m - [1mStrategy initialized: 
MfiDivergenceReversion[0m
[32m2025-11-24 18:03:40[0m | [1mINFO    [0m 
| [36msrc.strategies.base[0m:[36m__init__[0m
:[36m92[0m - [1mStrategy initialized: 
MfiDivergenceReversion[0m
[32m2025-11-24 18:03:40[0m | [1mINFO    [0m 
| [36msrc.strategies.base[0m:[36m__init__[0m
:[36m92[0m - [1mStrategy initialized: 
DonchianContinuation[0m
[32m2025-11-24 18:03:40[0m | [1mINFO    [0m 
| [36msrc.strategies.base[0m:[36m__init__[0m
:[36m92[0m - [1mStrategy initialized: 
StochSignalReversal[0m
[32m2025-11-24 18:03:40[0m | [1mINFO    [0m 
| [36msrc.strategies.base[0m:[36m__init__[0m
:[36m92[0m - [1mStrategy initialized: 
DonchianContinuation[0m
[32m2025-11-24 18:03:40[0m | [1mINFO    [0m 
| [36msrc.strategies.base[0m:[36m__init__[0m
:[36m92[0m - [1mStrategy initialized: 
StochSignalReversal[0m
[32m2025-11-24 18:03:40[0m | [1mINFO    [0m 
| [36msrc.strategies.base[0m:[36m__init__[0m
:[36m92[0m - [1mStrategy initialized: 
StochSignalReversal[0m
[32m2025-11-24 18:03:40[0m | [1mINFO    [0m 
| [36msrc.strategies.base[0m:[36m__init__[0m
:[36m92[0m - [1mStrategy initialized: 
StochSignalReversal[0m
[32m2025-11-24 18:03:40[0m | [1mINFO    [0m 
| [36msrc.strategies.base[0m:[36m__init__[0m
:[36m92[0m - [1mStrategy initialized: 
MacdZeroTrend[0m
[32m2025-11-24 18:03:40[0m | [1mINFO    [0m 
| [36msrc.strategies.base[0m:[36m__init__[0m
:[36m92[0m - [1mStrategy initialized: 
DonchianContinuation[0m
[32m2025-11-24 18:03:40[0m | [1mINFO    [0m 
| [36msrc.strategies.base[0m:[36m__init__[0m
:[36m92[0m - [1mStrategy initialized: 
MacdZeroTrend[0m
[32m2025-11-24 18:03:40[0m | [1mINFO    [0m 
| [36msrc.strategies.base[0m:[36m__init__[0m
:[36m92[0m - [1mStrategy initialized: 
DonchianContinuation[0m
[32m2025-11-24 18:03:40[0m | [1mINFO    [0m 
| [36msrc.strategies.base[0m:[36m__init__[0m
:[36m92[0m - [1mStrategy initialized: 
DonchianContinuation[0m
[32m2025-11-24 18:03:40[0m | [1mINFO    [0m 
| [36msrc.strategies.base[0m:[36m__init__[0m
:[36m92[0m - [1mStrategy initialized: 
DonchianContinuation[0m
[32m2025-11-24 18:03:40[0m | [1mINFO    [0m 
| [36msrc.strategies.base[0m:[36m__init__[0m
:[36m92[0m - [1mStrategy initialized: 
AdxTrendFilterPlus[0m
[32m2025-11-24 18:03:40[0m | [1mINFO    [0m 
| [36msrc.strategies.base[0m:[36m__init__[0m
:[36m92[0m - [1mStrategy initialized: 
MacdZeroTrend[0m
[32m2025-11-24 18:03:40[0m | [1mINFO    [0m 
| [36msrc.strategies.base[0m:[36m__init__[0m
:[36m92[0m - [1mStrategy initialized: 
MacdZeroTrend[0m
[32m2025-11-24 18:03:40[0m | [1mINFO    [0m 
| [36msrc.strategies.base[0m:[36m__init__[0m
:[36m92[0m - [1mStrategy initialized: 
AdxTrendFilterPlus[0m
[32m2025-11-24 18:03:40[0m | [1mINFO    [0m 
| [36msrc.strategies.base[0m:[36m__init__[0m
:[36m92[0m - [1mStrategy initialized: 
MacdZeroTrend[0m
[32m2025-11-24 18:03:40[0m | [1mINFO    [0m 
| [36msrc.strategies.base[0m:[36m__init__[0m
:[36m92[0m - [1mStrategy initialized: 
MacdZeroTrend[0m
[32m2025-11-24 18:03:40[0m | [1mINFO    [0m 
| [36msrc.strategies.base[0m:[36m__init__[0m
:[36m92[0m - [1mStrategy initialized: 
TrendflowSupertrend[0m
[32m2025-11-24 18:03:40[0m | [1mINFO    [0m 
| [36msrc.strategies.base[0m:[36m__init__[0m
:[36m92[0m - [1mStrategy initialized: 
AdxTrendFilterPlus[0m
[32m2025-11-24 18:03:40[0m | [1mINFO    [0m 
| [36msrc.strategies.base[0m:[36m__init__[0m
:[36m92[0m - [1mStrategy initialized: 
AdxTrendFilterPlus[0m
[32m2025-11-24 18:03:40[0m | [1mINFO    [0m 
| [36msrc.strategies.base[0m:[36m__init__[0m
:[36m92[0m - [1mStrategy initialized: 
TrendflowSupertrend[0m
[32m2025-11-24 18:03:40[0m | [1mINFO    [0m 
| [36msrc.strategies.base[0m:[36m__init__[0m
:[36m92[0m - [1mStrategy initialized: 
AdxTrendFilterPlus[0m
[32m2025-11-24 18:03:40[0m | [1mINFO    [0m 
| [36msrc.strategies.base[0m:[36m__init__[0m
:[36m92[0m - [1mStrategy initialized: 
AdxTrendFilterPlus[0m
[32m2025-11-24 18:03:40[0m | [1mINFO    [0m 
| [36msrc.strategies.base[0m:[36m__init__[0m
:[36m92[0m - [1mStrategy initialized: 
BollingerSqueezeBreakout[0m
[32m2025-11-24 18:03:40[0m | [1mINFO    [0m 
| [36msrc.strategies.base[0m:[36m__init__[0m
:[36m92[0m - [1mStrategy initialized: 
TrendflowSupertrend[0m
[32m2025-11-24 18:03:40[0m | [1mINFO    [0m 
| [36msrc.strategies.base[0m:[36m__init__[0m
:[36m92[0m - [1mStrategy initialized: 
TrendflowSupertrend[0m
[32m2025-11-24 18:03:40[0m | [1mINFO    [0m 
| [36msrc.strategies.base[0m:[36m__init__[0m
:[36m92[0m - [1mStrategy initialized: 
BollingerSqueezeBreakout[0m
[32m2025-11-24 18:03:40[0m | [1mINFO    [0m 
| [36msrc.strategies.base[0m:[36m__init__[0m
:[36m92[0m - [1mStrategy initialized: 
TrendflowSupertrend[0m
[32m2025-11-24 18:03:40[0m | [1mINFO    [0m 
| [36msrc.strategies.base[0m:[36m__init__[0m
:[36m92[0m - [1mStrategy initialized: 
TrendflowSupertrend[0m
[32m2025-11-24 18:03:40[0m | [1mINFO    [0m 
| [36msrc.strategies.base[0m:[36m__init__[0m
:[36m92[0m - [1mStrategy initialized: 
BollingerSqueezeBreakout[0m
[32m2025-11-24 18:03:40[0m | [1mINFO    [0m 
| [36msrc.strategies.base[0m:[36m__init__[0m
:[36m92[0m - [1mStrategy initialized: 
KeltnerExpansion[0m
[32m2025-11-24 18:03:40[0m | [1mINFO    [0m 
| [36msrc.strategies.base[0m:[36m__init__[0m
:[36m92[0m - [1mStrategy initialized: 
KeltnerExpansion[0m
[32m2025-11-24 18:03:40[0m | [1mINFO    [0m 
| [36msrc.strategies.base[0m:[36m__init__[0m
:[36m92[0m - [1mStrategy initialized: 
BollingerSqueezeBreakout[0m
[32m2025-11-24 18:03:40[0m | [1mINFO    [0m 
| [36msrc.strategies.base[0m:[36m__init__[0m
:[36m92[0m - [1mStrategy initialized: 
BollingerSqueezeBreakout[0m
[32m2025-11-24 18:03:40[0m | [1mINFO    [0m 
| [36msrc.strategies.base[0m:[36m__init__[0m
:[36m92[0m - [1mStrategy initialized: 
BollingerSqueezeBreakout[0m
[32m2025-11-24 18:03:40[0m | [1mINFO    [0m 
| [36msrc.strategies.base[0m:[36m__init__[0m
:[36m92[0m - [1mStrategy initialized: 
DonchianVolatilityBreakout[0m
[32m2025-11-24 18:03:40[0m | [1mINFO    [0m 
| [36msrc.strategies.base[0m:[36m__init__[0m
:[36m92[0m - [1mStrategy initialized: 
KeltnerExpansion[0m
[32m2025-11-24 18:03:40[0m | [1mINFO    [0m 
| [36msrc.strategies.base[0m:[36m__init__[0m
:[36m92[0m - [1mStrategy initialized: 
DonchianVolatilityBreakout[0m
[32m2025-11-24 18:03:40[0m | [1mINFO    [0m 
| [36msrc.strategies.base[0m:[36m__init__[0m
:[36m92[0m - [1mStrategy initialized: 
KeltnerExpansion[0m
[32m2025-11-24 18:03:40[0m | [1mINFO    [0m 
| [36msrc.strategies.base[0m:[36m__init__[0m
:[36m92[0m - [1mStrategy initialized: 
KeltnerExpansion[0m
[32m2025-11-24 18:03:40[0m | [1mINFO    [0m 
| [36msrc.strategies.base[0m:[36m__init__[0m
:[36m92[0m - [1mStrategy initialized: 
KeltnerExpansion[0m
[32m2025-11-24 18:03:40[0m | [1mINFO    [0m 
| [36msrc.strategies.base[0m:[36m__init__[0m
:[36m92[0m - [1mStrategy initialized: 
AtrExpansionBreakout[0m
[32m2025-11-24 18:03:40[0m | [1mINFO    [0m 
| [36msrc.strategies.base[0m:[36m__init__[0m
:[36m92[0m - [1mStrategy initialized: 
DonchianVolatilityBreakout[0m
[32m2025-11-24 18:03:40[0m | [1mINFO    [0m 
| [36msrc.strategies.base[0m:[36m__init__[0m
:[36m92[0m - [1mStrategy initialized: 
AtrExpansionBreakout[0m
[32m2025-11-24 18:03:40[0m | [1mINFO    [0m 
| [36msrc.strategies.base[0m:[36m__init__[0m
:[36m92[0m - [1mStrategy initialized: 
DonchianVolatilityBreakout[0m
[32m2025-11-24 18:03:40[0m | [1mINFO    [0m 
| [36msrc.strategies.base[0m:[36m__init__[0m
:[36m92[0m - [1mStrategy initialized: 
DonchianVolatilityBreakout[0m
[32m2025-11-24 18:03:40[0m | [1mINFO    [0m 
| [36msrc.strategies.base[0m:[36m__init__[0m
:[36m92[0m - [1mStrategy initialized: 
DonchianVolatilityBreakout[0m
[32m2025-11-24 18:03:40[0m | [1mINFO    [0m 
| [36msrc.strategies.base[0m:[36m__init__[0m
:[36m92[0m - [1mStrategy initialized: 
ChannelSqueezePlus[0m
[32m2025-11-24 18:03:40[0m | [1mINFO    [0m 
| [36msrc.strategies.base[0m:[36m__init__[0m
:[36m92[0m - [1mStrategy initialized: 
AtrExpansionBreakout[0m
[32m2025-11-24 18:03:40[0m | [1mINFO    [0m 
| [36msrc.strategies.base[0m:[36m__init__[0m
:[36m92[0m - [1mStrategy initialized: 
ChannelSqueezePlus[0m
[32m2025-11-24 18:03:40[0m | [1mINFO    [0m 
| [36msrc.strategies.base[0m:[36m__init__[0m
:[36m92[0m - [1mStrategy initialized: 
AtrExpansionBreakout[0m
[32m2025-11-24 18:03:40[0m | [1mINFO    [0m 
| [36msrc.strategies.base[0m:[36m__init__[0m
:[36m92[0m - [1mStrategy initialized: 
AtrExpansionBreakout[0m
[32m2025-11-24 18:03:40[0m | [1mINFO    [0m 
| [36msrc.strategies.base[0m:[36m__init__[0m
:[36m92[0m - [1mStrategy initialized: 
VolatilityWeightedBreakout[0m
[32m2025-11-24 18:03:40[0m | [1mINFO    [0m 
| [36msrc.strategies.base[0m:[36m__init__[0m
:[36m92[0m - [1mStrategy initialized: 
AtrExpansionBreakout[0m
[32m2025-11-24 18:03:40[0m | [1mINFO    [0m 
| [36msrc.strategies.base[0m:[36m__init__[0m
:[36m92[0m - [1mStrategy initialized: 
ChannelSqueezePlus[0m
[32m2025-11-24 18:03:40[0m | [1mINFO    [0m 
| [36msrc.strategies.base[0m:[36m__init__[0m
:[36m92[0m - [1mStrategy initialized: 
VolatilityWeightedBreakout[0m
[32m2025-11-24 18:03:40[0m | [1mINFO    [0m 
| [36msrc.strategies.base[0m:[36m__init__[0m
:[36m92[0m - [1mStrategy initialized: 
ChannelSqueezePlus[0m
[32m2025-11-24 18:03:40[0m | [1mINFO    [0m 
| [36msrc.strategies.base[0m:[36m__init__[0m
:[36m92[0m - [1mStrategy initialized: 
ChannelSqueezePlus[0m
[32m2025-11-24 18:03:40[0m | [1mINFO    [0m 
| [36msrc.strategies.base[0m:[36m__init__[0m
:[36m92[0m - [1mStrategy initialized: 
LondonBreakoutAtr[0m
[32m2025-11-24 18:03:40[0m | [1mINFO    [0m 
| [36msrc.strategies.base[0m:[36m__init__[0m
:[36m92[0m - [1mStrategy initialized: 
ChannelSqueezePlus[0m
[32m2025-11-24 18:03:40[0m | [1mINFO    [0m 
| [36msrc.strategies.base[0m:[36m__init__[0m
:[36m92[0m - [1mStrategy initialized: 
VolatilityWeightedBreakout[0m
[32m2025-11-24 18:03:40[0m | [1mINFO    [0m 
| [36msrc.strategies.base[0m:[36m__init__[0m
:[36m92[0m - [1mStrategy initialized: 
LondonBreakoutAtr[0m
[32m2025-11-24 18:03:40[0m | [1mINFO    [0m 
| [36msrc.strategies.base[0m:[36m__init__[0m
:[36m92[0m - [1mStrategy initialized: 
VolatilityWeightedBreakout[0m
[32m2025-11-24 18:03:40[0m | [1mINFO    [0m 
| [36msrc.strategies.base[0m:[36m__init__[0m
:[36m92[0m - [1mStrategy initialized: 
VolatilityWeightedBreakout[0m
[32m2025-11-24 18:03:40[0m | [1mINFO    [0m 
| [36msrc.strategies.base[0m:[36m__init__[0m
:[36m92[0m - [1mStrategy initialized: 
VolatilityWeightedBreakout[0m
[32m2025-11-24 18:03:40[0m | [1mINFO    [0m 
| [36msrc.strategies.base[0m:[36m__init__[0m
:[36m92[0m - [1mStrategy initialized: 
VwapBreakout[0m
[32m2025-11-24 18:03:40[0m | [1mINFO    [0m 
| [36msrc.strategies.base[0m:[36m__init__[0m
:[36m92[0m - [1mStrategy initialized: 
LondonBreakoutAtr[0m
[32m2025-11-24 18:03:40[0m | [1mINFO    [0m 
| [36msrc.strategies.base[0m:[36m__init__[0m
:[36m92[0m - [1mStrategy initialized: 
VwapBreakout[0m
[32m2025-11-24 18:03:40[0m | [1mINFO    [0m 
| [36msrc.strategies.base[0m:[36m__init__[0m
:[36m92[0m - [1mStrategy initialized: 
LondonBreakoutAtr[0m
[32m2025-11-24 18:03:40[0m | [1mINFO    [0m 
| [36msrc.strategies.base[0m:[36m__init__[0m
:[36m92[0m - [1mStrategy initialized: 
LondonBreakoutAtr[0m
[32m2025-11-24 18:03:40[0m | [1mINFO    [0m 
| [36msrc.strategies.base[0m:[36m__init__[0m
:[36m92[0m - [1mStrategy initialized: 
LondonBreakoutAtr[0m
[32m2025-11-24 18:03:40[0m | [1mINFO    [0m 
| [36msrc.strategies.base[0m:[36m__init__[0m
:[36m92[0m - [1mStrategy initialized: 
EmaStackMomentum[0m
[32m2025-11-24 18:03:40[0m | [1mINFO    [0m 
| [36msrc.strategies.base[0m:[36m__init__[0m
:[36m92[0m - [1mStrategy initialized: 
VwapBreakout[0m
[32m2025-11-24 18:03:40[0m | [1mINFO    [0m 
| [36msrc.strategies.base[0m:[36m__init__[0m
:[36m92[0m - [1mStrategy initialized: 
EmaStackMomentum[0m
[32m2025-11-24 18:03:40[0m | [1mINFO    [0m 
| [36msrc.strategies.base[0m:[36m__init__[0m
:[36m92[0m - [1mStrategy initialized: 
VwapBreakout[0m
[32m2025-11-24 18:03:40[0m | [1mINFO    [0m 
| [36msrc.strategies.base[0m:[36m__init__[0m
:[36m92[0m - [1mStrategy initialized: 
VwapBreakout[0m
[32m2025-11-24 18:03:40[0m | [1mINFO    [0m 
| [36msrc.strategies.base[0m:[36m__init__[0m
:[36m92[0m - [1mStrategy initialized: 
VwapBreakout[0m
[32m2025-11-24 18:03:40[0m | [1mINFO    [0m 
| [36msrc.strategies.base[0m:[36m__init__[0m
:[36m92[0m - [1mStrategy initialized: 
EmaStackMomentum[0m
[32m2025-11-24 18:03:40[0m | [1mINFO    [0m 
| [36msrc.strategies.base[0m:[36m__init__[0m
:[36m92[0m - [1mStrategy initialized: 
MfiImpulseMomentum[0m
[32m2025-11-24 18:03:40[0m | [1mINFO    [0m 
| [36msrc.strategies.base[0m:[36m__init__[0m
:[36m92[0m - [1mStrategy initialized: 
EmaStackMomentum[0m
[32m2025-11-24 18:03:40[0m | [1mINFO    [0m 
| [36msrc.strategies.base[0m:[36m__init__[0m
:[36m92[0m - [1mStrategy initialized: 
EmaStackMomentum[0m
[32m2025-11-24 18:03:40[0m | [1mINFO    [0m 
| [36msrc.strategies.base[0m:[36m__init__[0m
:[36m92[0m - [1mStrategy initialized: 
MfiImpulseMomentum[0m
[32m2025-11-24 18:03:40[0m | [1mINFO    [0m 
| [36msrc.strategies.base[0m:[36m__init__[0m
:[36m92[0m - [1mStrategy initialized: 
EmaStackMomentum[0m
[32m2025-11-24 18:03:40[0m | [1mINFO    [0m 
| [36msrc.strategies.base[0m:[36m__init__[0m
:[36m92[0m - [1mStrategy initialized: 
MfiImpulseMomentum[0m
[32m2025-11-24 18:03:40[0m | [1mINFO    [0m 
| [36msrc.strategies.base[0m:[36m__init__[0m
:[36m92[0m - [1mStrategy initialized: 
TripleMomentumConfluence[0m
[32m2025-11-24 18:03:40[0m | [1mINFO    [0m 
| [36msrc.strategies.base[0m:[36m__init__[0m
:[36m92[0m - [1mStrategy initialized: 
MfiImpulseMomentum[0m
[32m2025-11-24 18:03:40[0m | [1mINFO    [0m 
| [36msrc.strategies.base[0m:[36m__init__[0m
:[36m92[0m - [1mStrategy initialized: 
MfiImpulseMomentum[0m
[32m2025-11-24 18:03:40[0m | [1mINFO    [0m 
| [36msrc.strategies.base[0m:[36m__init__[0m
:[36m92[0m - [1mStrategy initialized: 
TripleMomentumConfluence[0m
[32m2025-11-24 18:03:40[0m | [1mINFO    [0m 
| [36msrc.strategies.base[0m:[36m__init__[0m
:[36m92[0m - [1mStrategy initialized: 
MfiImpulseMomentum[0m
[32m2025-11-24 18:03:40[0m | [1mINFO    [0m 
| [36msrc.strategies.base[0m:[36m__init__[0m
:[36m92[0m - [1mStrategy initialized: 
TripleMomentumConfluence[0m
[32m2025-11-24 18:03:40[0m | [1mINFO    [0m 
| [36msrc.strategies.base[0m:[36m__init__[0m
:[36m92[0m - [1mStrategy initialized: 
RsiSupertrendFlip[0m
[32m2025-11-24 18:03:40[0m | [1mINFO    [0m 
| [36msrc.strategies.base[0m:[36m__init__[0m
:[36m92[0m - [1mStrategy initialized: 
TripleMomentumConfluence[0m
[32m2025-11-24 18:03:40[0m | [1mINFO    [0m 
| [36msrc.strategies.base[0m:[36m__init__[0m
:[36m92[0m - [1mStrategy initialized: 
TripleMomentumConfluence[0m
[32m2025-11-24 18:03:40[0m | [1mINFO    [0m 
| [36msrc.strategies.base[0m:[36m__init__[0m
:[36m92[0m - [1mStrategy initialized: 
RsiSupertrendFlip[0m
[32m2025-11-24 18:03:40[0m | [1mINFO    [0m 
| [36msrc.agent.agent_storage[0m:[36m__init__
[0m:[36m35[0m - [1mAgent storage 
initialized: data\agents.db[0m
[32m2025-11-24 18:03:40[0m | [1mINFO    [0m 
| [36msrc.strategies.base[0m:[36m__init__[0m
:[36m92[0m - [1mStrategy initialized: 
TripleMomentumConfluence[0m
[32m2025-11-24 18:03:40[0m | [1mINFO    [0m 
| [36msrc.strategies.base[0m:[36m__init__[0m
:[36m92[0m - [1mStrategy initialized: 
RsiSupertrendFlip[0m
[32m2025-11-24 18:03:40[0m | [1mINFO    [0m 
| [36msrc.agent.orchestrator[0m:[36m__init__
[0m:[36m44[0m - [1m==========================
================================================
======[0m
[32m2025-11-24 18:03:40[0m | [1mINFO    [0m 
| [36msrc.strategies.base[0m:[36m__init__[0m
:[36m92[0m - [1mStrategy initialized: 
MultiOscillatorConfluence[0m
[32m2025-11-24 18:03:40[0m | [1mINFO    [0m 
| [36msrc.agent.orchestrator[0m:[36m__init__
[0m:[36m45[0m - [1mAGENT ORCHESTRATOR - 
INITIALIZED[0m
[32m2025-11-24 18:03:40[0m | [1mINFO    [0m 
| [36msrc.strategies.base[0m:[36m__init__[0m
:[36m92[0m - [1mStrategy initialized: 
RsiSupertrendFlip[0m
[32m2025-11-24 18:03:40[0m | [1mINFO    [0m 
| [36msrc.agent.orchestrator[0m:[36m__init__
[0m:[36m46[0m - [1mMax agents: 20 | 
Auto-restart: True[0m
[32m2025-11-24 18:03:40[0m | [1mINFO    [0m 
| [36msrc.strategies.base[0m:[36m__init__[0m
:[36m92[0m - [1mStrategy initialized: 
MultiOscillatorConfluence[0m
[32m2025-11-24 18:03:40[0m | [1mINFO    [0m 
| [36msrc.strategies.base[0m:[36m__init__[0m
:[36m92[0m - [1mStrategy initialized: 
RsiSupertrendFlip[0m
[32m2025-11-24 18:03:40[0m | [1mINFO    [0m 
| [36msrc.agent.orchestrator[0m:[36m__init__
[0m:[36m47[0m - [1m==========================
================================================
======[0m
[32m2025-11-24 18:03:40[0m | [1mINFO    [0m 
| [36msrc.strategies.base[0m:[36m__init__[0m
:[36m92[0m - [1mStrategy initialized: 
RsiSupertrendFlip[0m
[32m2025-11-24 18:03:40[0m | [1mINFO    [0m 
| [36msrc.strategies.base[0m:[36m__init__[0m
:[36m92[0m - [1mStrategy initialized: 
MultiOscillatorConfluence[0m
[32m2025-11-24 18:03:40[0m | [1mINFO    [0m 
| [36msrc.strategies.base[0m:[36m__init__[0m
:[36m92[0m - [1mStrategy initialized: 
ObvTrendConfirmation[0m
[32m2025-11-24 18:03:40[0m | [1mINFO    [0m 
| [36msrc.strategies.base[0m:[36m__init__[0m
:[36m92[0m - [1mStrategy initialized: 
MultiOscillatorConfluence[0m
[32m2025-11-24 18:03:40[0m | [1mINFO    [0m 
| [36msrc.strategies.base[0m:[36m__init__[0m
:[36m92[0m - [1mStrategy initialized: 
ObvTrendConfirmation[0m
[32m2025-11-24 18:03:40[0m | [1mINFO    [0m 
| [36msrc.strategies.base[0m:[36m__init__[0m
:[36m92[0m - [1mStrategy initialized: 
MultiOscillatorConfluence[0m
[32m2025-11-24 18:03:40[0m | [1mINFO    [0m 
| [36msrc.strategies.base[0m:[36m__init__[0m
:[36m92[0m - [1mStrategy initialized: 
ObvTrendConfirmation[0m
[32m2025-11-24 18:03:40[0m | [1mINFO    [0m 
| [36msrc.strategies.base[0m:[36m__init__[0m
:[36m92[0m - [1mStrategy initialized: 
MultiOscillatorConfluence[0m
[32m2025-11-24 18:03:40[0m | [1mINFO    [0m 
| [36msrc.strategies.base[0m:[36m__init__[0m
:[36m92[0m - [1mStrategy initialized: 
TrendVolumeCombo[0m
[32m2025-11-24 18:03:40[0m | [1mINFO    [0m 
| [36msrc.strategies.base[0m:[36m__init__[0m
:[36m92[0m - [1mStrategy initialized: 
ObvTrendConfirmation[0m
[32m2025-11-24 18:03:40[0m | [1mINFO    [0m 
| [36msrc.strategies.base[0m:[36m__init__[0m
:[36m92[0m - [1mStrategy initialized: 
TrendVolumeCombo[0m
[32m2025-11-24 18:03:40[0m | [1mINFO    [0m 
| [36msrc.strategies.base[0m:[36m__init__[0m
:[36m92[0m - [1mStrategy initialized: 
ObvTrendConfirmation[0m
[32m2025-11-24 18:03:40[0m | [1mINFO    [0m 
| [36msrc.strategies.base[0m:[36m__init__[0m
:[36m92[0m - [1mStrategy initialized: 
TrendVolumeCombo[0m
[32m2025-11-24 18:03:40[0m | [1mINFO    [0m 
| [36msrc.strategies.base[0m:[36m__init__[0m
:[36m92[0m - [1mStrategy initialized: 
ObvTrendConfirmation[0m
[32m2025-11-24 18:03:40[0m | [1mINFO    [0m 
| [36msrc.strategies.base[0m:[36m__init__[0m
:[36m92[0m - [1mStrategy initialized: 
EmaStackRegimeFlip[0m
[32m2025-11-24 18:03:40[0m | [1mINFO    [0m 
| [36msrc.strategies.base[0m:[36m__init__[0m
:[36m92[0m - [1mStrategy initialized: 
TrendVolumeCombo[0m
[32m2025-11-24 18:03:40[0m | [1mINFO    [0m 
| [36msrc.strategies.base[0m:[36m__init__[0m
:[36m92[0m - [1mStrategy initialized: 
EmaStackRegimeFlip[0m
[32m2025-11-24 18:03:40[0m | [1mINFO    [0m 
| [36msrc.strategies.base[0m:[36m__init__[0m
:[36m92[0m - [1mStrategy initialized: 
TrendVolumeCombo[0m
[32m2025-11-24 18:03:40[0m | [1mINFO    [0m 
| [36msrc.strategies.base[0m:[36m__init__[0m
:[36m92[0m - [1mStrategy initialized: 
EmaStackRegimeFlip[0m
[32m2025-11-24 18:03:40[0m | [1mINFO    [0m 
| [36msrc.strategies.base[0m:[36m__init__[0m
:[36m92[0m - [1mStrategy initialized: 
TrendVolumeCombo[0m
[32m2025-11-24 18:03:40[0m | [1mINFO    [0m 
| [36msrc.strategies.base[0m:[36m__init__[0m
:[36m92[0m - [1mStrategy initialized: 
VwapInstitutionalTrend[0m
[32m2025-11-24 18:03:40[0m | [1mINFO    [0m 
| [36msrc.strategies.base[0m:[36m__init__[0m
:[36m92[0m - [1mStrategy initialized: 
EmaStackRegimeFlip[0m
[32m2025-11-24 18:03:40[0m | [1mINFO    [0m 
| [36msrc.agent.agent_storage[0m:[36m__init__
[0m:[36m35[0m - [1mAgent storage 
initialized: C:\Users\shuta\source\repos\Smart-T
rade-MCP\data\agents.db[0m
[32m2025-11-24 18:03:40[0m | [1mINFO    [0m 
| [36msrc.strategies.base[0m:[36m__init__[0m
:[36m92[0m - [1mStrategy initialized: 
VwapInstitutionalTrend[0m
[32m2025-11-24 18:03:40[0m | [1mINFO    [0m 
| [36msrc.strategies.base[0m:[36m__init__[0m
:[36m92[0m - [1mStrategy initialized: 
VolumeShooterStrategy[0m
[32m2025-11-24 18:03:40[0m | [1mINFO    [0m 
| [36msrc.strategies.base[0m:[36m__init__[0m
:[36m92[0m - [1mStrategy initialized: 
EmaStackRegimeFlip[0m
[32m2025-11-24 18:03:40[0m | [1mINFO    [0m 
| [36msrc.agent.trading_agent[0m:[36m__init__
[0m:[36m82[0m - [1m=========================
================================================
=======[0m
[32m2025-11-24 18:03:40[0m | [1mINFO    [0m 
| [36msrc.strategies.base[0m:[36m__init__[0m
:[36m92[0m - [1mStrategy initialized: 
VwapInstitutionalTrend[0m
[32m2025-11-24 18:03:40[0m | [1mINFO    [0m 
| [36msrc.agent.trading_agent[0m:[36m__init__
[0m:[36m83[0m - [1mAGENT 
agent_SOL_USDT_5m_volume_shooter_a52613 - 
INITIALIZED[0m
[32m2025-11-24 18:03:40[0m | [1mINFO    [0m 
| [36msrc.strategies.base[0m:[36m__init__[0m
:[36m92[0m - [1mStrategy initialized: 
VwapMeanReversion[0m
[32m2025-11-24 18:03:40[0m | [1mINFO    [0m 
| [36msrc.strategies.base[0m:[36m__init__[0m
:[36m92[0m - [1mStrategy initialized: 
EmaStackRegimeFlip[0m
[32m2025-11-24 18:03:40[0m | [1mINFO    [0m 
| [36msrc.strategies.base[0m:[36m__init__[0m
:[36m92[0m - [1mStrategy initialized: 
VwapInstitutionalTrend[0m
[32m2025-11-24 18:03:40[0m | [1mINFO    [0m 
| [36msrc.agent.trading_agent[0m:[36m__init__
[0m:[36m84[0m - [1m=========================
================================================
=======[0m
[32m2025-11-24 18:03:40[0m | [1mINFO    [0m 
| [36msrc.strategies.base[0m:[36m__init__[0m
:[36m92[0m - [1mStrategy initialized: 
VwapMeanReversion[0m
[32m2025-11-24 18:03:40[0m | [1mINFO    [0m 
| [36msrc.agent.trading_agent[0m:[36m__init__
[0m:[36m85[0m - [1mSymbol: SOL/USDT[0m
[32m2025-11-24 18:03:40[0m | [1mINFO    [0m 
| [36msrc.agent.trading_agent[0m:[36m__init__
[0m:[36m86[0m - [1mTimeframe: 5m[0m
[32m2025-11-24 18:03:40[0m | [1mINFO    [0m 
| [36msrc.strategies.base[0m:[36m__init__[0m
:[36m92[0m - [1mStrategy initialized: 
VwapInstitutionalTrend[0m
[32m2025-11-24 18:03:40[0m | [1mINFO    [0m 
| [36msrc.strategies.base[0m:[36m__init__[0m
:[36m92[0m - [1mStrategy initialized: 
VwapMeanReversion[0m
[32m2025-11-24 18:03:40[0m | [1mINFO    [0m 
| [36msrc.strategies.base[0m:[36m__init__[0m
:[36m92[0m - [1mStrategy initialized: 
VwapBandFadePro[0m
[32m2025-11-24 18:03:40[0m | [1mINFO    [0m 
| [36msrc.agent.trading_agent[0m:[36m__init__
[0m:[36m87[0m - [1mStrategy: 
volume_shooter[0m
[32m2025-11-24 18:03:40[0m | [1mINFO    [0m 
| [36msrc.strategies.base[0m:[36m__init__[0m
:[36m92[0m - [1mStrategy initialized: 
VwapInstitutionalTrend[0m
[32m2025-11-24 18:03:40[0m | [1mINFO    [0m 
| [36msrc.strategies.base[0m:[36m__init__[0m
:[36m92[0m - [1mStrategy initialized: 
VwapMeanReversion[0m
[32m2025-11-24 18:03:40[0m | [1mINFO    [0m 
| [36msrc.agent.trading_agent[0m:[36m__init__
[0m:[36m88[0m - [1mScan interval: 5 min[0m
[32m2025-11-24 18:03:40[0m | [1mINFO    [0m 
| [36msrc.strategies.base[0m:[36m__init__[0m
:[36m92[0m - [1mStrategy initialized: 
VwapBandFadePro[0m
[32m2025-11-24 18:03:40[0m | [1mINFO    [0m 
| [36msrc.agent.trading_agent[0m:[36m__init__
[0m:[36m89[0m - [1m=========================
================================================
=======[0m
[32m2025-11-24 18:03:40[0m | [1mINFO    [0m 
| [36msrc.strategies.base[0m:[36m__init__[0m
:[36m92[0m - [1mStrategy initialized: 
VwapMeanReversion[0m
[32m2025-11-24 18:03:40[0m | [1mINFO    [0m 
| [36msrc.strategies.base[0m:[36m__init__[0m
:[36m92[0m - [1mStrategy initialized: 
VwapBandFadePro[0m
[32m2025-11-24 18:03:40[0m | [1mINFO    [0m 
| [36msrc.strategies.base[0m:[36m__init__[0m
:[36m92[0m - [1mStrategy initialized: 
OrderFlowMomentumVwap[0m
[32m2025-11-24 18:03:40[0m | [1mINFO    [0m 
| [36msrc.strategies.base[0m:[36m__init__[0m
:[36m92[0m - [1mStrategy initialized: 
VwapBandFadePro[0m
[32m2025-11-24 18:03:40[0m | [1mINFO    [0m 
| [36msrc.strategies.base[0m:[36m__init__[0m
:[36m92[0m - [1mStrategy initialized: 
VwapMeanReversion[0m
[32m2025-11-24 18:03:40[0m | [1mINFO    [0m 
| [36msrc.strategies.base[0m:[36m__init__[0m
:[36m92[0m - [1mStrategy initialized: 
OrderFlowMomentumVwap[0m
[32m2025-11-24 18:03:40[0m | [1mINFO    [0m 
| [36msrc.strategies.base[0m:[36m__init__[0m
:[36m92[0m - [1mStrategy initialized: 
OrderFlowMomentumVwap[0m
[32m2025-11-24 18:03:40[0m | [1mINFO    [0m 
| [36msrc.strategies.base[0m:[36m__init__[0m
:[36m92[0m - [1mStrategy initialized: 
VwapBandFadePro[0m
[32m2025-11-24 18:03:40[0m | [1mINFO    [0m 
| [36msrc.strategies.base[0m:[36m__init__[0m
:[36m92[0m - [1mStrategy initialized: 
KeltnerPullbackContinuation[0m
[32m2025-11-24 18:03:40[0m | [1mINFO    [0m 
| [36msrc.strategies.base[0m:[36m__init__[0m
:[36m92[0m - [1mStrategy initialized: 
OrderFlowMomentumVwap[0m
[32m2025-11-24 18:03:40[0m | [31m[1mERROR   
[0m | [36msrc.agent.orchestrator[0m:[36m_res
tore_active_agents[0m:[36m166[0m - 
[31m[1mFailed to restore agent 
agent_SOL_USDT_5m_volume_shooter_a52613: 
        An attempt has been made to start a new 
process before the
        current process has finished its 
bootstrapping phase.

        This probably means that you are not 
using fork to start your
        child processes and you have forgotten 
to use the proper idiom
        in the main module:

            if __name__ == '__main__':
                freeze_support()
                ...

        The "freeze_support()" line can be 
omitted if the program
        is not going to be frozen to produce an 
executable.

        To fix this issue, refer to the "Safe 
importing of main module"
        section in https://docs.python.org/3/lib
rary/multiprocessing.html
        [0m
[32m2025-11-24 18:03:40[0m | [1mINFO    [0m 
| [36msrc.strategies.base[0m:[36m__init__[0m
:[36m92[0m - [1mStrategy initialized: 
VwapBandFadePro[0m
[32m2025-11-24 18:03:40[0m | [1mINFO    [0m 
| [36msrc.strategies.base[0m:[36m__init__[0m
:[36m92[0m - [1mStrategy initialized: 
KeltnerPullbackContinuation[0m
[32m2025-11-24 18:03:40[0m | [1mINFO    [0m 
| [36msrc.strategies.base[0m:[36m__init__[0m
:[36m92[0m - [1mStrategy initialized: 
KeltnerPullbackContinuation[0m
[32m2025-11-24 18:03:40[0m | [1mINFO    [0m 
| [36msrc.strategies.base[0m:[36m__init__[0m
:[36m92[0m - [1mStrategy initialized: 
OrderFlowMomentumVwap[0m
[32m2025-11-24 18:03:40[0m | [1mINFO    [0m 
| [36msrc.strategies.base[0m:[36m__init__[0m
:[36m92[0m - [1mStrategy initialized: 
Ema200TapReversion[0m
[32m2025-11-24 18:03:40[0m | [1mINFO    [0m 
| [36msrc.strategies.base[0m:[36m__init__[0m
:[36m92[0m - [1mStrategy initialized: 
KeltnerPullbackContinuation[0m
[32m2025-11-24 18:03:40[0m | [1mINFO    [0m 
| [36msrc.strategies.base[0m:[36m__init__[0m
:[36m92[0m - [1mStrategy initialized: 
OrderFlowMomentumVwap[0m
[32m2025-11-24 18:03:40[0m | [1mINFO    [0m 
| [36msrc.strategies.base[0m:[36m__init__[0m
:[36m92[0m - [1mStrategy initialized: 
Ema200TapReversion[0m
[32m2025-11-24 18:03:40[0m | [1mINFO    [0m 
| [36msrc.strategies.base[0m:[36m__init__[0m
:[36m92[0m - [1mStrategy initialized: 
Ema200TapReversion[0m
[32m2025-11-24 18:03:40[0m | [1mINFO    [0m 
| [36msrc.strategies.base[0m:[36m__init__[0m
:[36m92[0m - [1mStrategy initialized: 
KeltnerPullbackContinuation[0m
[32m2025-11-24 18:03:40[0m | [1mINFO    [0m 
| [36msrc.strategies.base[0m:[36m__init__[0m
:[36m92[0m - [1mStrategy initialized: 
DoubleDonchianPullback[0m
[32m2025-11-24 18:03:40[0m | [1mINFO    [0m 
| [36msrc.strategies.base[0m:[36m__init__[0m
:[36m92[0m - [1mStrategy initialized: 
Ema200TapReversion[0m
[32m2025-11-24 18:03:40[0m | [1mINFO    [0m 
| [36msrc.strategies.base[0m:[36m__init__[0m
:[36m92[0m - [1mStrategy initialized: 
KeltnerPullbackContinuation[0m
[32m2025-11-24 18:03:40[0m | [1mINFO    [0m 
| [36msrc.strategies.base[0m:[36m__init__[0m
:[36m92[0m - [1mStrategy initialized: 
DoubleDonchianPullback[0m
[32m2025-11-24 18:03:40[0m | [1mINFO    [0m 
| [36msrc.strategies.base[0m:[36m__init__[0m
:[36m92[0m - [1mStrategy initialized: 
DoubleDonchianPullback[0m
[32m2025-11-24 18:03:40[0m | [1mINFO    [0m 
| [36msrc.strategies.base[0m:[36m__init__[0m
:[36m92[0m - [1mStrategy initialized: 
Ema200TapReversion[0m
[32m2025-11-24 18:03:40[0m | [1mINFO    [0m 
| [36msrc.strategies.base[0m:[36m__init__[0m
:[36m92[0m - [1mStrategy initialized: 
PurePriceActionDonchian[0m
[32m2025-11-24 18:03:40[0m | [1mINFO    [0m 
| [36msrc.strategies.base[0m:[36m__init__[0m
:[36m92[0m - [1mStrategy initialized: 
DoubleDonchianPullback[0m
[32m2025-11-24 18:03:40[0m | [1mINFO    [0m 
| [36msrc.strategies.base[0m:[36m__init__[0m
:[36m92[0m - [1mStrategy initialized: 
Ema200TapReversion[0m
[32m2025-11-24 18:03:40[0m | [1mINFO    [0m 
| [36msrc.strategies.base[0m:[36m__init__[0m
:[36m92[0m - [1mStrategy initialized: 
PurePriceActionDonchian[0m
[32m2025-11-24 18:03:40[0m | [1mINFO    [0m 
| [36msrc.agent.agent_storage[0m:[36m__init__
[0m:[36m35[0m - [1mAgent storage 
initialized: C:\Users\shuta\source\repos\Smart-T
rade-MCP\data\agents.db[0m
[32m2025-11-24 18:03:40[0m | [1mINFO    [0m 
| [36msrc.strategies.registry[0m:[36m_ensure_
generated_loaded[0m:[36m134[0m - [1mLoading 
generated strategies...[0m
[32m2025-11-24 18:03:40[0m | [1mINFO    [0m 
| [36msrc.strategies.base[0m:[36m__init__[0m
:[36m92[0m - [1mStrategy initialized: 
PurePriceActionDonchian[0m
[32m2025-11-24 18:03:40[0m | [1mINFO    [0m 
| [36msrc.strategies.base[0m:[36m__init__[0m
:[36m92[0m - [1mStrategy initialized: 
ObvConfirmationBreakoutPlus[0m
[32m2025-11-24 18:03:40[0m | [1mINFO    [0m 
| [36msrc.strategies.base[0m:[36m__init__[0m
:[36m92[0m - [1mStrategy initialized: 
DoubleDonchianPullback[0m
[32m2025-11-24 18:03:40[0m | [1mINFO    [0m 
| [36msrc.strategies.base[0m:[36m__init__[0m
:[36m92[0m - [1mStrategy initialized: 
PurePriceActionDonchian[0m
[32m2025-11-24 18:03:40[0m | [1mINFO    [0m 
| [36msrc.strategies.base[0m:[36m__init__[0m
:[36m92[0m - [1mStrategy initialized: 
ObvConfirmationBreakoutPlus[0m
[32m2025-11-24 18:03:40[0m | [1mINFO    [0m 
| [36msrc.strategies.base[0m:[36m__init__[0m
:[36m92[0m - [1mStrategy initialized: 
DoubleDonchianPullback[0m
[32m2025-11-24 18:03:40[0m | [1mINFO    [0m 
| [36msrc.strategies.base[0m:[36m__init__[0m
:[36m92[0m - [1mStrategy initialized: 
PurePriceActionDonchian[0m
[32m2025-11-24 18:03:40[0m | [1mINFO    [0m 
| [36msrc.strategies.base[0m:[36m__init__[0m
:[36m92[0m - [1mStrategy initialized: 
NySessionFade[0m
[32m2025-11-24 18:03:40[0m | [1mINFO    [0m 
| [36msrc.strategies.base[0m:[36m__init__[0m
:[36m92[0m - [1mStrategy initialized: 
ObvConfirmationBreakoutPlus[0m
[32m2025-11-24 18:03:40[0m | [1mINFO    [0m 
| [36msrc.strategies.base[0m:[36m__init__[0m
:[36m92[0m - [1mStrategy initialized: 
PurePriceActionDonchian[0m
[32m2025-11-24 18:03:40[0m | [1mINFO    [0m 
| [36msrc.strategies.base[0m:[36m__init__[0m
:[36m92[0m - [1mStrategy initialized: 
NySessionFade[0m
[32m2025-11-24 18:03:40[0m | [1mINFO    [0m 
| [36msrc.strategies.base[0m:[36m__init__[0m
:[36m92[0m - [1mStrategy initialized: 
ObvConfirmationBreakoutPlus[0m
[32m2025-11-24 18:03:40[0m | [1mINFO    [0m 
| [36msrc.strategies.base[0m:[36m__init__[0m
:[36m92[0m - [1mStrategy initialized: 
BollingerMeanReversion[0m
[32m2025-11-24 18:03:40[0m | [1mINFO    [0m 
| [36msrc.strategies.base[0m:[36m__init__[0m
:[36m92[0m - [1mStrategy initialized: 
BollingerMeanReversion[0m
[32m2025-11-24 18:03:40[0m | [1mINFO    [0m 
| [36msrc.strategies.base[0m:[36m__init__[0m
:[36m92[0m - [1mStrategy initialized: 
ObvConfirmationBreakoutPlus[0m
[32m2025-11-24 18:03:40[0m | [1mINFO    [0m 
| [36msrc.strategies.base[0m:[36m__init__[0m
:[36m92[0m - [1mStrategy initialized: 
RegimeAdaptiveCore[0m
[32m2025-11-24 18:03:40[0m | [1mINFO    [0m 
| [36msrc.strategies.base[0m:[36m__init__[0m
:[36m92[0m - [1mStrategy initialized: 
NySessionFade[0m
[32m2025-11-24 18:03:40[0m | [1mINFO    [0m 
| [36msrc.strategies.base[0m:[36m__init__[0m
:[36m92[0m - [1mStrategy initialized: 
RsiBandReversion[0m
[32m2025-11-24 18:03:40[0m | [1mINFO    [0m 
| [36msrc.strategies.base[0m:[36m__init__[0m
:[36m92[0m - [1mStrategy initialized: 
ObvConfirmationBreakoutPlus[0m
[32m2025-11-24 18:03:40[0m | [1mINFO    [0m 
| [36msrc.strategies.base[0m:[36m__init__[0m
:[36m92[0m - [1mStrategy initialized: 
RegimeAdaptiveCore[0m
[32m2025-11-24 18:03:40[0m | [1mINFO    [0m 
| [36msrc.strategies.base[0m:[36m__init__[0m
:[36m92[0m - [1mStrategy initialized: 
NySessionFade[0m
[32m2025-11-24 18:03:40[0m | [1mINFO    [0m 
| [36msrc.strategies.base[0m:[36m__init__[0m
:[36m92[0m - [1mStrategy initialized: 
RsiBandReversion[0m
[32m2025-11-24 18:03:40[0m | [1mINFO    [0m 
| [36msrc.strategies.base[0m:[36m__init__[0m
:[36m92[0m - [1mStrategy initialized: 
NySessionFade[0m
[32m2025-11-24 18:03:40[0m | [1mINFO    [0m 
| [36msrc.strategies.base[0m:[36m__init__[0m
:[36m92[0m - [1mStrategy initialized: 
CompleteSystem5x[0m
[32m2025-11-24 18:03:40[0m | [1mINFO    [0m 
| [36msrc.strategies.base[0m:[36m__init__[0m
:[36m92[0m - [1mStrategy initialized: 
CciExtremeSnapback[0m
[32m2025-11-24 18:03:40[0m | [1mINFO    [0m 
| [36msrc.strategies.base[0m:[36m__init__[0m
:[36m92[0m - [1mStrategy initialized: 
RegimeAdaptiveCore[0m
[32m2025-11-24 18:03:40[0m | [1mINFO    [0m 
| [36msrc.strategies.base[0m:[36m__init__[0m
:[36m92[0m - [1mStrategy initialized: 
NySessionFade[0m
[32m2025-11-24 18:03:40[0m | [1mINFO    [0m 
| [36msrc.strategies.base[0m:[36m__init__[0m
:[36m92[0m - [1mStrategy initialized: 
CompleteSystem5x[0m
[32m2025-11-24 18:03:40[0m | [1mINFO    [0m 
| [36msrc.strategies.base[0m:[36m__init__[0m
:[36m92[0m - [1mStrategy initialized: 
CciExtremeSnapback[0m
[32m2025-11-24 18:03:40[0m | [1mINFO    [0m 
| [36msrc.strategies.base[0m:[36m__init__[0m
:[36m92[0m - [1mStrategy initialized: 
RegimeAdaptiveCore[0m
[32m2025-11-24 18:03:40[0m | [1mINFO    [0m 
| [36msrc.strategies.base[0m:[36m__init__[0m
:[36m92[0m - [1mStrategy initialized: 
MfiDivergenceReversion[0m
[32m2025-11-24 18:03:40[0m | [1mINFO    [0m 
| [36msrc.strategies.base[0m:[36m__init__[0m
:[36m92[0m - [1mStrategy initialized: 
RegimeAdaptiveCore[0m
[32m2025-11-24 18:03:40[0m | [1mINFO    [0m 
| [36msrc.strategies.generated.auto_register[0
m:[36mregister_all_generated_strategies[0m:[3
6m100[0m - [1m? Auto-registered 37/37 
generated strategies[0m
[32m2025-11-24 18:03:40[0m | [1mINFO    [0m 
| [36msrc.strategies.base[0m:[36m__init__[0m
:[36m92[0m - [1mStrategy initialized: 
CompleteSystem5x[0m
[32m2025-11-24 18:03:40[0m | [1mINFO    [0m 
| [36msrc.strategies.registry[0m:[36m_ensure_
generated_loaded[0m:[36m139[0m - [1m? 
Loaded 40 total strategies[0m
[32m2025-11-24 18:03:40[0m | [1mINFO    [0m 
| [36msrc.strategies.base[0m:[36m__init__[0m
:[36m92[0m - [1mStrategy initialized: 
MfiDivergenceReversion[0m
[32m2025-11-24 18:03:40[0m | [1mINFO    [0m 
| [36msrc.strategies.base[0m:[36m__init__[0m
:[36m92[0m - [1mStrategy initialized: 
RegimeAdaptiveCore[0m
[32m2025-11-24 18:03:40[0m | [1mINFO    [0m 
| [36msrc.strategies.base[0m:[36m__init__[0m
:[36m92[0m - [1mStrategy initialized: 
CompleteSystem5x[0m
[32m2025-11-24 18:03:40[0m | [1mINFO    [0m 
| [36msrc.strategies.registry[0m:[36m_ensure_
generated_loaded[0m:[36m144[0m - [1mTotal 
strategies available: 40[0m
[32m2025-11-24 18:03:40[0m | [1mINFO    [0m 
| [36msrc.strategies.base[0m:[36m__init__[0m
:[36m92[0m - [1mStrategy initialized: 
StochSignalReversal[0m
[32m2025-11-24 18:03:40[0m | [1mINFO    [0m 
| [36msrc.strategies.base[0m:[36m__init__[0m
:[36m92[0m - [1mStrategy initialized: 
EmaStackMomentum[0m
[32m2025-11-24 18:03:40[0m | [1mINFO    [0m 
| [36msrc.strategies.base[0m:[36m__init__[0m
:[36m92[0m - [1mStrategy initialized: 
CompleteSystem5x[0m
[32m2025-11-24 18:03:40[0m | [1mINFO    [0m 
| [36msrc.strategies.base[0m:[36m__init__[0m
:[36m92[0m - [1mStrategy initialized: 
StochSignalReversal[0m
[32m2025-11-24 18:03:40[0m | [1mINFO    [0m 
| [36msrc.strategies.generated.auto_register[0
m:[36mregister_all_generated_strategies[0m:[3
6m100[0m - [1m? Auto-registered 37/37 
generated strategies[0m
[32m2025-11-24 18:03:40[0m | [1mINFO    [0m 
| [36msrc.agent.trading_agent[0m:[36m__init__
[0m:[36m82[0m - [1m=========================
================================================
=======[0m
[32m2025-11-24 18:03:40[0m | [1mINFO    [0m 
| [36msrc.strategies.base[0m:[36m__init__[0m
:[36m92[0m - [1mStrategy initialized: 
CompleteSystem5x[0m
[32m2025-11-24 18:03:40[0m | [1mINFO    [0m 
| [36msrc.strategies.registry[0m:[36m_ensure_
generated_loaded[0m:[36m139[0m - [1m? 
Loaded 40 total strategies[0m
[32m2025-11-24 18:03:40[0m | [1mINFO    [0m 
| [36msrc.strategies.base[0m:[36m__init__[0m
:[36m92[0m - [1mStrategy initialized: 
DonchianContinuation[0m
[32m2025-11-24 18:03:40[0m | [1mINFO    [0m 
| [36msrc.agent.trading_agent[0m:[36m__init__
[0m:[36m83[0m - [1mAGENT 
agent_SOL_USDT_5m_ema_stack_momentum_81a7db - 
INITIALIZED[0m
[32m2025-11-24 18:03:40[0m | [1mINFO    [0m 
| [36msrc.strategies.base[0m:[36m__init__[0m
:[36m92[0m - [1mStrategy initialized: 
DonchianContinuation[0m
[32m2025-11-24 18:03:40[0m | [1mINFO    [0m 
| [36msrc.strategies.registry[0m:[36m_ensure_
generated_loaded[0m:[36m144[0m - [1mTotal 
strategies available: 40[0m
[32m2025-11-24 18:03:40[0m | [1mINFO    [0m 
| [36msrc.strategies.generated.auto_register[0
m:[36mregister_all_generated_strategies[0m:[3
6m100[0m - [1m? Auto-registered 37/37 
generated strategies[0m
[32m2025-11-24 18:03:40[0m | [1mINFO    [0m 
| [36msrc.agent.trading_agent[0m:[36m__init__
[0m:[36m84[0m - [1m=========================
================================================
=======[0m
[32m2025-11-24 18:03:40[0m | [1mINFO    [0m 
| [36msrc.strategies.base[0m:[36m__init__[0m
:[36m92[0m - [1mStrategy initialized: 
EmaStackMomentum[0m
[32m2025-11-24 18:03:40[0m | [1mINFO    [0m 
| [36msrc.agent.trading_agent[0m:[36m__init__
[0m:[36m85[0m - [1mSymbol: SOL/USDT[0m
[32m2025-11-24 18:03:40[0m | [1mINFO    [0m 
| [36msrc.strategies.registry[0m:[36m_ensure_
generated_loaded[0m:[36m139[0m - [1m? 
Loaded 40 total strategies[0m
[32m2025-11-24 18:03:40[0m | [1mINFO    [0m 
| [36msrc.strategies.base[0m:[36m__init__[0m
:[36m92[0m - [1mStrategy initialized: 
MacdZeroTrend[0m
[32m2025-11-24 18:03:40[0m | [1mINFO    [0m 
| [36msrc.agent.trading_agent[0m:[36m__init__
[0m:[36m82[0m - [1m=========================
================================================
=======[0m
[32m2025-11-24 18:03:40[0m | [1mINFO    [0m 
| [36msrc.strategies.registry[0m:[36m_ensure_
generated_loaded[0m:[36m144[0m - [1mTotal 
strategies available: 40[0m
[32m2025-11-24 18:03:40[0m | [1mINFO    [0m 
| [36msrc.agent.trading_agent[0m:[36m__init__
[0m:[36m86[0m - [1mTimeframe: 5m[0m
[32m2025-11-24 18:03:40[0m | [1mINFO    [0m 
| [36msrc.strategies.base[0m:[36m__init__[0m
:[36m92[0m - [1mStrategy initialized: 
MacdZeroTrend[0m
[32m2025-11-24 18:03:40[0m | [1mINFO    [0m 
| [36msrc.agent.trading_agent[0m:[36m__init__
[0m:[36m83[0m - [1mAGENT 
agent_SOL_USDT_5m_ema_stack_momentum_81a7db - 
INITIALIZED[0m
[32m2025-11-24 18:03:40[0m | [1mINFO    [0m 
| [36msrc.agent.trading_agent[0m:[36m__init__
[0m:[36m87[0m - [1mStrategy: 
ema_stack_momentum[0m
[32m2025-11-24 18:03:40[0m | [1mINFO    [0m 
| [36msrc.strategies.base[0m:[36m__init__[0m
:[36m92[0m - [1mStrategy initialized: 
EmaStackMomentum[0m
[32m2025-11-24 18:03:40[0m | [1mINFO    [0m 
| [36msrc.agent.trading_agent[0m:[36m__init__
[0m:[36m84[0m - [1m=========================
================================================
=======[0m
[32m2025-11-24 18:03:40[0m | [1mINFO    [0m 
| [36msrc.agent.trading_agent[0m:[36m__init__
[0m:[36m88[0m - [1mScan interval: 5 min[0m
[32m2025-11-24 18:03:40[0m | [1mINFO    [0m 
| [36msrc.strategies.base[0m:[36m__init__[0m
:[36m92[0m - [1mStrategy initialized: 
AdxTrendFilterPlus[0m
[32m2025-11-24 18:03:40[0m | [1mINFO    [0m 
| [36msrc.agent.trading_agent[0m:[36m__init__
[0m:[36m82[0m - [1m=========================
================================================
=======[0m
[32m2025-11-24 18:03:40[0m | [1mINFO    [0m 
| [36msrc.agent.trading_agent[0m:[36m__init__
[0m:[36m85[0m - [1mSymbol: SOL/USDT[0m
[32m2025-11-24 18:03:40[0m | [1mINFO    [0m 
| [36msrc.agent.trading_agent[0m:[36m__init__
[0m:[36m89[0m - [1m=========================
================================================
=======[0m
[32m2025-11-24 18:03:40[0m | [1mINFO    [0m 
| [36msrc.strategies.base[0m:[36m__init__[0m
:[36m92[0m - [1mStrategy initialized: 
AdxTrendFilterPlus[0m
[32m2025-11-24 18:03:40[0m | [1mINFO    [0m 
| [36msrc.agent.trading_agent[0m:[36m__init__
[0m:[36m86[0m - [1mTimeframe: 5m[0m
[32m2025-11-24 18:03:40[0m | [1mINFO    [0m 
| [36msrc.agent.trading_agent[0m:[36m__init__
[0m:[36m83[0m - [1mAGENT 
agent_SOL_USDT_5m_ema_stack_momentum_81a7db - 
INITIALIZED[0m
[32m2025-11-24 18:03:40[0m | [31m[1mERROR   
[0m | [36msrc.agent.orchestrator[0m:[36m_res
tore_active_agents[0m:[36m166[0m - 
[31m[1mFailed to restore agent 
agent_SOL_USDT_5m_ema_stack_momentum_81a7db: 
        An attempt has been made to start a new 
process before the
        current process has finished its 
bootstrapping phase.

        This probably means that you are not 
using fork to start your
        child processes and you have forgotten 
to use the proper idiom
        in the main module:

            if __name__ == '__main__':
                freeze_support()
                ...

        The "freeze_support()" line can be 
omitted if the program
        is not going to be frozen to produce an 
executable.

        To fix this issue, refer to the "Safe 
importing of main module"
        section in https://docs.python.org/3/lib
rary/multiprocessing.html
        [0m
[32m2025-11-24 18:03:40[0m | [1mINFO    [0m 
| [36msrc.agent.trading_agent[0m:[36m__init__
[0m:[36m84[0m - [1m=========================
================================================
=======[0m
[32m2025-11-24 18:03:40[0m | [1mINFO    [0m 
| [36msrc.agent.trading_agent[0m:[36m__init__
[0m:[36m87[0m - [1mStrategy: 
ema_stack_momentum[0m
[32m2025-11-24 18:03:40[0m | [1mINFO    [0m 
| [36msrc.agent.trading_agent[0m:[36m__init__
[0m:[36m85[0m - [1mSymbol: SOL/USDT[0m
[32m2025-11-24 18:03:40[0m | [1mINFO    [0m 
| [36msrc.strategies.base[0m:[36m__init__[0m
:[36m92[0m - [1mStrategy initialized: 
TrendflowSupertrend[0m
[32m2025-11-24 18:03:40[0m | [1mINFO    [0m 
| [36msrc.agent.trading_agent[0m:[36m__init__
[0m:[36m88[0m - [1mScan interval: 5 min[0m
[32m2025-11-24 18:03:40[0m | [1mINFO    [0m 
| [36msrc.agent.trading_agent[0m:[36m__init__
[0m:[36m86[0m - [1mTimeframe: 5m[0m
[32m2025-11-24 18:03:40[0m | [1mINFO    [0m 
| [36msrc.agent.trading_agent[0m:[36m__init__
[0m:[36m89[0m - [1m=========================
================================================
=======[0m
[32m2025-11-24 18:03:40[0m | [1mINFO    [0m 
| [36msrc.strategies.base[0m:[36m__init__[0m
:[36m92[0m - [1mStrategy initialized: 
TrendflowSupertrend[0m
[32m2025-11-24 18:03:40[0m | [1mINFO    [0m 
| [36msrc.agent.trading_agent[0m:[36m__init__
[0m:[36m87[0m - [1mStrategy: 
ema_stack_momentum[0m
[32m2025-11-24 18:03:40[0m | [1mINFO    [0m 
| [36msrc.agent.trading_agent[0m:[36m__init__
[0m:[36m88[0m - [1mScan interval: 5 min[0m
[32m2025-11-24 18:03:40[0m | [31m[1mERROR   
[0m | [36msrc.agent.orchestrator[0m:[36m_res
tore_active_agents[0m:[36m166[0m - 
[31m[1mFailed to restore agent 
agent_SOL_USDT_5m_ema_stack_momentum_81a7db: 
        An attempt has been made to start a new 
process before the
        current process has finished its 
bootstrapping phase.

        This probably means that you are not 
using fork to start your
        child processes and you have forgotten 
to use the proper idiom
        in the main module:

            if __name__ == '__main__':
                freeze_support()
                ...

        The "freeze_support()" line can be 
omitted if the program
        is not going to be frozen to produce an 
executable.

        To fix this issue, refer to the "Safe 
importing of main module"
        section in https://docs.python.org/3/lib
rary/multiprocessing.html
        [0m
[32m2025-11-24 18:03:40[0m | [1mINFO    [0m 
| [36msrc.agent.trading_agent[0m:[36m__init__
[0m:[36m89[0m - [1m=========================
================================================
=======[0m
[32m2025-11-24 18:03:40[0m | [1mINFO    [0m 
| [36msrc.strategies.base[0m:[36m__init__[0m
:[36m92[0m - [1mStrategy initialized: 
BollingerSqueezeBreakout[0m
[32m2025-11-24 18:03:40[0m | [31m[1mERROR   
[0m | [36msrc.agent.orchestrator[0m:[36m_res
tore_active_agents[0m:[36m166[0m - 
[31m[1mFailed to restore agent 
agent_SOL_USDT_5m_ema_stack_momentum_81a7db: 
        An attempt has been made to start a new 
process before the
        current process has finished its 
bootstrapping phase.

        This probably means that you are not 
using fork to start your
        child processes and you have forgotten 
to use the proper idiom
        in the main module:

            if __name__ == '__main__':
                freeze_support()
                ...

        The "freeze_support()" line can be 
omitted if the program
        is not going to be frozen to produce an 
executable.

        To fix this issue, refer to the "Safe 
importing of main module"
        section in https://docs.python.org/3/lib
rary/multiprocessing.html
        [0m
[32m2025-11-24 18:03:40[0m | [1mINFO    [0m 
| [36msrc.strategies.base[0m:[36m__init__[0m
:[36m92[0m - [1mStrategy initialized: 
BollingerSqueezeBreakout[0m
[32m2025-11-24 18:03:40[0m | [1mINFO    [0m 
| [36msrc.strategies.base[0m:[36m__init__[0m
:[36m92[0m - [1mStrategy initialized: 
KeltnerExpansion[0m
[32m2025-11-24 18:03:40[0m | [1mINFO    [0m 
| [36msrc.strategies.base[0m:[36m__init__[0m
:[36m92[0m - [1mStrategy initialized: 
KeltnerExpansion[0m
[32m2025-11-24 18:03:40[0m | [1mINFO    [0m 
| [36msrc.agent.agent_storage[0m:[36m__init__
[0m:[36m35[0m - [1mAgent storage 
initialized: C:\Users\shuta\source\repos\Smart-T
rade-MCP\data\agents.db[0m
[32m2025-11-24 18:03:40[0m | [1mINFO    [0m 
| [36msrc.strategies.base[0m:[36m__init__[0m
:[36m92[0m - [1mStrategy initialized: 
BollingerSqueezeBreakout[0m
[32m2025-11-24 18:03:40[0m | [1mINFO    [0m 
| [36msrc.agent.trading_agent[0m:[36m__init__
[0m:[36m82[0m - [1m=========================
================================================
=======[0m
[32m2025-11-24 18:03:40[0m | [1mINFO    [0m 
| [36msrc.strategies.base[0m:[36m__init__[0m
:[36m92[0m - [1mStrategy initialized: 
DonchianVolatilityBreakout[0m
[32m2025-11-24 18:03:40[0m | [1mINFO    [0m 
| [36msrc.agent.trading_agent[0m:[36m__init__
[0m:[36m83[0m - [1mAGENT agent_SOL_USDT_5m_b
ollinger_squeeze_breakout_6a16b7 - 
INITIALIZED[0m
[32m2025-11-24 18:03:40[0m | [1mINFO    [0m 
| [36msrc.agent.trading_agent[0m:[36m__init__
[0m:[36m84[0m - [1m=========================
================================================
=======[0m
[32m2025-11-24 18:03:40[0m | [1mINFO    [0m 
| [36msrc.strategies.base[0m:[36m__init__[0m
:[36m92[0m - [1mStrategy initialized: 
DonchianVolatilityBreakout[0m
[32m2025-11-24 18:03:40[0m | [1mINFO    [0m 
| [36msrc.agent.trading_agent[0m:[36m__init__
[0m:[36m85[0m - [1mSymbol: SOL/USDT[0m
[32m2025-11-24 18:03:40[0m | [1mINFO    [0m 
| [36msrc.agent.trading_agent[0m:[36m__init__
[0m:[36m86[0m - [1mTimeframe: 5m[0m
[32m2025-11-24 18:03:40[0m | [1mINFO    [0m 
| [36msrc.agent.trading_agent[0m:[36m__init__
[0m:[36m87[0m - [1mStrategy: 
bollinger_squeeze_breakout[0m
[32m2025-11-24 18:03:40[0m | [1mINFO    [0m 
| [36msrc.agent.agent_storage[0m:[36m__init__
[0m:[36m35[0m - [1mAgent storage 
initialized: C:\Users\shuta\source\repos\Smart-T
rade-MCP\data\agents.db[0m
[32m2025-11-24 18:03:40[0m | [1mINFO    [0m 
| [36msrc.strategies.base[0m:[36m__init__[0m
:[36m92[0m - [1mStrategy initialized: 
AtrExpansionBreakout[0m
[32m2025-11-24 18:03:40[0m | [1mINFO    [0m 
| [36msrc.agent.trading_agent[0m:[36m__init__
[0m:[36m88[0m - [1mScan interval: 5 min[0m
[32m2025-11-24 18:03:40[0m | [1mINFO    [0m 
| [36msrc.strategies.base[0m:[36m__init__[0m
:[36m92[0m - [1mStrategy initialized: 
BollingerSqueezeBreakout[0m
[32m2025-11-24 18:03:40[0m | [1mINFO    [0m 
| [36msrc.agent.trading_agent[0m:[36m__init__
[0m:[36m89[0m - [1m=========================
================================================
=======[0m
[32m2025-11-24 18:03:40[0m | [1mINFO    [0m 
| [36msrc.strategies.base[0m:[36m__init__[0m
:[36m92[0m - [1mStrategy initialized: 
AtrExpansionBreakout[0m
[32m2025-11-24 18:03:40[0m | [1mINFO    [0m 
| [36msrc.agent.trading_agent[0m:[36m__init__
[0m:[36m82[0m - [1m=========================
================================================
=======[0m
[32m2025-11-24 18:03:40[0m | [1mINFO    [0m 
| [36msrc.agent.agent_storage[0m:[36m__init__
[0m:[36m35[0m - [1mAgent storage 
initialized: C:\Users\shuta\source\repos\Smart-T
rade-MCP\data\agents.db[0m
[32m2025-11-24 18:03:40[0m | [31m[1mERROR   
[0m | [36msrc.agent.orchestrator[0m:[36m_res
tore_active_agents[0m:[36m166[0m - 
[31m[1mFailed to restore agent agent_SOL_USDT_
5m_bollinger_squeeze_breakout_6a16b7: 
        An attempt has been made to start a new 
process before the
        current process has finished its 
bootstrapping phase.

        This probably means that you are not 
using fork to start your
        child processes and you have forgotten 
to use the proper idiom
        in the main module:

            if __name__ == '__main__':
                freeze_support()
                ...

        The "freeze_support()" line can be 
omitted if the program
        is not going to be frozen to produce an 
executable.

        To fix this issue, refer to the "Safe 
importing of main module"
        section in https://docs.python.org/3/lib
rary/multiprocessing.html
        [0m
[32m2025-11-24 18:03:40[0m | [1mINFO    [0m 
| [36msrc.strategies.base[0m:[36m__init__[0m
:[36m92[0m - [1mStrategy initialized: 
BollingerSqueezeBreakout[0m
[32m2025-11-24 18:03:40[0m | [1mINFO    [0m 
| [36msrc.agent.trading_agent[0m:[36m__init__
[0m:[36m83[0m - [1mAGENT agent_SOL_USDT_5m_b
ollinger_squeeze_breakout_6a16b7 - 
INITIALIZED[0m
[32m2025-11-24 18:03:40[0m | [1mINFO    [0m 
| [36msrc.strategies.base[0m:[36m__init__[0m
:[36m92[0m - [1mStrategy initialized: 
ChannelSqueezePlus[0m
[32m2025-11-24 18:03:40[0m | [1mINFO    [0m 
| [36msrc.agent.trading_agent[0m:[36m__init__
[0m:[36m82[0m - [1m=========================
================================================
=======[0m
